2025-05-29 21:43:57 - Using EXIF CreateDate (0000) for ./documents/1970/-a3283651bf.pdf
2025-05-29 21:43:57 - Created year directory: /media/ayoub/data/private/phone_backups/documents/0000
2025-05-29 21:43:57 - Error moving: ./documents/1970/-a3283651bf.pdf
2025-05-29 21:43:57 - Using EXIF CreateDate (2024) for ./documents/1970/032024-newsletter-gestion-rh-travailleur-etranger-loi-immigration-1-1.pdf
2025-05-29 21:43:57 - Created year directory: /media/ayoub/data/private/phone_backups/documents/2024
2025-05-29 21:43:57 - Error moving: ./documents/1970/032024-newsletter-gestion-rh-travailleur-etranger-loi-immigration-1-1.pdf
2025-05-29 21:43:58 - Using EXIF CreateDate (2022) for ./documents/1970/06-01-2022-engagement-sur-l-honneur-vert.pdf
2025-05-29 21:43:58 - Created year directory: /media/ayoub/data/private/phone_backups/documents/2022
2025-05-29 21:43:58 - Error moving: ./documents/1970/06-01-2022-engagement-sur-l-honneur-vert.pdf
2025-05-29 21:43:58 - Using EXIF CreateDate (2013) for ./documents/1970/0y6no.Photoshop.CC.Essential.Skills.A.guide.to.creative.image.editing.pdf
2025-05-29 21:43:58 - Created year directory: /media/ayoub/data/private/phone_backups/documents/2013
2025-05-29 21:43:58 - Error moving: ./documents/1970/0y6no.Photoshop.CC.Essential.Skills.A.guide.to.creative.image.editing.pdf
2025-05-29 21:43:58 - Using EXIF CreateDate (2010) for ./documents/1970/1 A Game of Thrones.pdf
2025-05-29 21:43:58 - Created year directory: /media/ayoub/data/private/phone_backups/documents/2010
2025-05-29 21:43:58 - Error moving: ./documents/1970/1 A Game of Thrones.pdf
2025-05-29 21:43:59 - Using EXIF CreateDate (2013) for ./documents/1970/18126421.PDF
2025-05-29 21:43:59 - Moved: ./documents/1970/18126421.PDF -> /media/ayoub/data/private/phone_backups/documents/2013/18126421.PDF
2025-05-29 21:43:59 - Using EXIF CreateDate (2003) for ./documents/1970/18720.Outer-Art  experimentation in paintings, drawings, drafts, computer desidn, collages, photos by Florentin Smarandache.pdf
2025-05-29 21:43:59 - Created year directory: /media/ayoub/data/private/phone_backups/documents/2003
2025-05-29 21:43:59 - Error moving: ./documents/1970/18720.Outer-Art  experimentation in paintings, drawings, drafts, computer desidn, collages, photos by Florentin Smarandache.pdf
2025-05-29 21:44:00 - Using EXIF CreateDate (2010) for ./documents/1970/2 A Clash of Kings.pdf
2025-05-29 21:44:00 - Moved: ./documents/1970/2 A Clash of Kings.pdf -> /media/ayoub/data/private/phone_backups/documents/2010/2 A Clash of Kings.pdf
2025-05-29 21:44:00 - Using EXIF CreateDate (2020) for ./documents/1970/2003_securite-renforcee.pdf
2025-05-29 21:44:00 - Created year directory: /media/ayoub/data/private/phone_backups/documents/2020
2025-05-29 21:44:00 - Error moving: ./documents/1970/2003_securite-renforcee.pdf
2025-05-29 21:44:00 - Using EXIF CreateDate (2019) for ./documents/1970/20190104170110018.pdf
2025-05-29 21:44:00 - Created year directory: /media/ayoub/data/private/phone_backups/documents/2019
2025-05-29 21:44:00 - Error moving: ./documents/1970/20190104170110018.pdf
2025-05-29 21:44:01 - Using EXIF CreateDate (0000) for ./documents/1970/2022-03-09_074307.pdf
2025-05-29 21:44:01 - Moved: ./documents/1970/2022-03-09_074307.pdf -> /media/ayoub/data/private/phone_backups/documents/0000/2022-03-09_074307.pdf
2025-05-29 21:44:01 - Using EXIF CreateDate (0000) for ./documents/1970/2022-04-13_074517.pdf
2025-05-29 21:44:01 - Moved: ./documents/1970/2022-04-13_074517.pdf -> /media/ayoub/data/private/phone_backups/documents/0000/2022-04-13_074517.pdf
2025-05-29 21:44:02 - Using EXIF CreateDate (0000) for ./documents/1970/2022-05-19_115299.pdf
2025-05-29 21:44:02 - Moved: ./documents/1970/2022-05-19_115299.pdf -> /media/ayoub/data/private/phone_backups/documents/0000/2022-05-19_115299.pdf
2025-05-29 21:44:02 - Using EXIF CreateDate (2022) for ./documents/1970/2022-10-10_073626.pdf
2025-05-29 21:44:02 - Moved: ./documents/1970/2022-10-10_073626.pdf -> /media/ayoub/data/private/phone_backups/documents/2022/2022-10-10_073626.pdf
2025-05-29 21:44:02 - Using EXIF CreateDate (2022) for ./documents/1970/ELMOUKHTAFI_AYOUB_2ddocNeg (1).pdf
2025-05-29 21:44:02 - Moved: ./documents/1970/ELMOUKHTAFI_AYOUB_2ddocNeg (1).pdf -> /media/ayoub/data/private/phone_backups/documents/2022/ELMOUKHTAFI_AYOUB_2ddocNeg (1).pdf
2025-05-29 21:44:03 - Using EXIF CreateDate (2022) for ./documents/1970/ELMOUKHTAFI_AYOUB_2ddocNeg.pdf
2025-05-29 21:44:03 - Moved: ./documents/1970/ELMOUKHTAFI_AYOUB_2ddocNeg.pdf -> /media/ayoub/data/private/phone_backups/documents/2022/ELMOUKHTAFI_AYOUB_2ddocNeg.pdf
2025-05-29 21:44:03 - Using EXIF CreateDate (2012) for ./documents/1970/Engagement du stagiaire.docx
2025-05-29 21:44:03 - Created year directory: /media/ayoub/data/private/phone_backups/documents/2012
2025-05-29 21:44:03 - Error moving: ./documents/1970/Engagement du stagiaire.docx
2025-05-29 21:44:03 - Using EXIF CreateDate (2019) for ./documents/1970/espevaer-sommier__AA-1620680-5-2.pdf
2025-05-29 21:44:03 - Moved: ./documents/1970/espevaer-sommier__AA-1620680-5-2.pdf -> /media/ayoub/data/private/phone_backups/documents/2019/espevaer-sommier__AA-1620680-5-2.pdf
2025-05-29 21:44:04 - Using EXIF CreateDate (0000) for ./documents/1970/EssalamaVoyage_Omra_Octobre_2023.pdf
2025-05-29 21:44:04 - Moved: ./documents/1970/EssalamaVoyage_Omra_Octobre_2023.pdf -> /media/ayoub/data/private/phone_backups/documents/0000/EssalamaVoyage_Omra_Octobre_2023.pdf
2025-05-29 21:44:04 - Using EXIF CreateDate (2022) for ./documents/1970/etage.pdf
2025-05-29 21:44:04 - Moved: ./documents/1970/etage.pdf -> /media/ayoub/data/private/phone_backups/documents/2022/etage.pdf
2025-05-29 21:44:04 - Using EXIF CreateDate (2022) for ./documents/1970/eticket_244649451_f334e62e14ef2b3078f93c318c1d06c5.pdf
2025-05-29 21:44:05 - Moved: ./documents/1970/eticket_244649451_f334e62e14ef2b3078f93c318c1d06c5.pdf -> /media/ayoub/data/private/phone_backups/documents/2022/eticket_244649451_f334e62e14ef2b3078f93c318c1d06c5.pdf
2025-05-29 21:44:05 - Using EXIF CreateDate (2021) for ./documents/1970/EULA VWD DEGIRO.pdf
2025-05-29 21:44:05 - Created year directory: /media/ayoub/data/private/phone_backups/documents/2021
2025-05-29 21:44:05 - Error moving: ./documents/1970/EULA VWD DEGIRO.pdf
2025-05-29 21:44:05 - Using EXIF CreateDate (2021) for ./documents/1970/ExAnteFee.pdf
2025-05-29 21:44:05 - Moved: ./documents/1970/ExAnteFee.pdf -> /media/ayoub/data/private/phone_backups/documents/2021/ExAnteFee.pdf
2025-05-29 21:44:05 - Using EXIF CreateDate (2021) for ./documents/1970/exemple-platinium.pdf
2025-05-29 21:44:05 - Moved: ./documents/1970/exemple-platinium.pdf -> /media/ayoub/data/private/phone_backups/documents/2021/exemple-platinium.pdf
2025-05-29 21:44:06 - Using EXIF CreateDate (0000) for ./documents/1970/EZ ZOURY OMAR (2)_230516_162731 (1).pdf
2025-05-29 21:44:06 - Moved: ./documents/1970/EZ ZOURY OMAR (2)_230516_162731 (1).pdf -> /media/ayoub/data/private/phone_backups/documents/0000/EZ ZOURY OMAR (2)_230516_162731 (1).pdf
2025-05-29 21:44:06 - Using EXIF CreateDate (2013) for ./documents/1970/EZ ZOURYTAHA,26JUN1220CASABLANCA,CMN.pdf
2025-05-29 21:44:06 - Moved: ./documents/1970/EZ ZOURYTAHA,26JUN1220CASABLANCA,CMN.pdf -> /media/ayoub/data/private/phone_backups/documents/2013/EZ ZOURYTAHA,26JUN1220CASABLANCA,CMN.pdf
2025-05-29 21:44:06 - Using EXIF CreateDate (2022) for ./documents/1970/f1074845-64b4-4149-b4ce-13a3ef487da1.pdf
2025-05-29 21:44:06 - Moved: ./documents/1970/f1074845-64b4-4149-b4ce-13a3ef487da1.pdf -> /media/ayoub/data/private/phone_backups/documents/2022/f1074845-64b4-4149-b4ce-13a3ef487da1.pdf
2025-05-29 21:44:07 - Using EXIF CreateDate (2022) for ./documents/1970/f2f85198-1fe2-47a7-a503-5bbe45488f93.pdf
2025-05-29 21:44:07 - Moved: ./documents/1970/f2f85198-1fe2-47a7-a503-5bbe45488f93.pdf -> /media/ayoub/data/private/phone_backups/documents/2022/f2f85198-1fe2-47a7-a503-5bbe45488f93.pdf
2025-05-29 21:44:07 - Using EXIF CreateDate (2023) for ./documents/1970/Facture d'octobre 2023.pdf
2025-05-29 21:44:07 - Created year directory: /media/ayoub/data/private/phone_backups/documents/2023
2025-05-29 21:44:07 - Error moving: ./documents/1970/Facture d'octobre 2023.pdf
2025-05-29 21:44:07 - Using EXIF CreateDate (2023) for ./documents/1970/Facture de septembre 2023.pdf
2025-05-29 21:44:07 - Moved: ./documents/1970/Facture de septembre 2023.pdf -> /media/ayoub/data/private/phone_backups/documents/2023/Facture de septembre 2023.pdf
2025-05-29 21:44:08 - Using EXIF CreateDate (2018) for ./documents/1970/facture-1807-00015.pdf
2025-05-29 21:44:08 - Created year directory: /media/ayoub/data/private/phone_backups/documents/2018
2025-05-29 21:44:08 - Error moving: ./documents/1970/facture-1807-00015.pdf
2025-05-29 21:44:08 - Using EXIF CreateDate (2023) for ./documents/1970/Facture-n-0023017300279.pdf
2025-05-29 21:44:08 - Moved: ./documents/1970/Facture-n-0023017300279.pdf -> /media/ayoub/data/private/phone_backups/documents/2023/Facture-n-0023017300279.pdf
2025-05-29 21:44:08 - Using EXIF CreateDate (2023) for ./documents/1970/Facture-n-0023018814226 (1).pdf
2025-05-29 21:44:08 - Moved: ./documents/1970/Facture-n-0023018814226 (1).pdf -> /media/ayoub/data/private/phone_backups/documents/2023/Facture-n-0023018814226 (1).pdf
2025-05-29 21:44:08 - Using EXIF CreateDate (2023) for ./documents/1970/Facture-n-0023018814226.pdf
2025-05-29 21:44:09 - Moved: ./documents/1970/Facture-n-0023018814226.pdf -> /media/ayoub/data/private/phone_backups/documents/2023/Facture-n-0023018814226.pdf
2025-05-29 21:44:09 - Using EXIF CreateDate (2022) for ./documents/1970/LOT09.DPC.pdf
2025-05-29 21:44:09 - Moved: ./documents/1970/LOT09.DPC.pdf -> /media/ayoub/data/private/phone_backups/documents/2022/LOT09.DPC.pdf
2025-05-29 21:44:09 - Using EXIF CreateDate (2021) for ./documents/1970/lotissement hachimi fin-Model.pdf
2025-05-29 21:44:09 - Moved: ./documents/1970/lotissement hachimi fin-Model.pdf -> /media/ayoub/data/private/phone_backups/documents/2021/lotissement hachimi fin-Model.pdf
2025-05-29 21:44:09 - Using EXIF CreateDate (2022) for ./documents/1970/March, 2022 (1).pdf
2025-05-29 21:44:10 - Moved: ./documents/1970/March, 2022 (1).pdf -> /media/ayoub/data/private/phone_backups/documents/2022/March, 2022 (1).pdf
2025-05-29 21:44:10 - Using EXIF CreateDate (2022) for ./documents/1970/March, 2022.pdf
2025-05-29 21:44:10 - Moved: ./documents/1970/March, 2022.pdf -> /media/ayoub/data/private/phone_backups/documents/2022/March, 2022.pdf
2025-05-29 21:44:10 - Using EXIF CreateDate (2015) for ./documents/1970/Mobile_Bouyguestelecom_Facture_Fevrier2015.pdf
2025-05-29 21:44:10 - Created year directory: /media/ayoub/data/private/phone_backups/documents/2015
2025-05-29 21:44:10 - Error moving: ./documents/1970/Mobile_Bouyguestelecom_Facture_Fevrier2015.pdf
2025-05-29 21:44:10 - Using EXIF CreateDate (2022) for ./documents/1970/mticket_241841719_12c6b93a45bc967369fd4b9afd0bfd39.pdf
2025-05-29 21:44:10 - Moved: ./documents/1970/mticket_241841719_12c6b93a45bc967369fd4b9afd0bfd39.pdf -> /media/ayoub/data/private/phone_backups/documents/2022/mticket_241841719_12c6b93a45bc967369fd4b9afd0bfd39.pdf
2025-05-29 21:44:11 - Using EXIF CreateDate (2022) for ./documents/1970/mypsf.pdf
2025-05-29 21:44:11 - Moved: ./documents/1970/mypsf.pdf -> /media/ayoub/data/private/phone_backups/documents/2022/mypsf.pdf
2025-05-29 21:44:11 - Using EXIF CreateDate (2020) for ./documents/1970/NAOUMI_SALMANE_RESUME.pdf
2025-05-29 21:44:11 - Moved: ./documents/1970/NAOUMI_SALMANE_RESUME.pdf -> /media/ayoub/data/private/phone_backups/documents/2020/NAOUMI_SALMANE_RESUME.pdf
2025-05-29 21:44:12 - Using EXIF CreateDate (0000) for ./documents/1970/Ndf 06 - Excel.xlsx
2025-05-29 21:44:12 - Moved: ./documents/1970/Ndf 06 - Excel.xlsx -> /media/ayoub/data/private/phone_backups/documents/0000/Ndf 06 - Excel.xlsx
2025-05-29 21:44:12 - Using file modification date (1970) for ./documents/1970/New Doc 2019-06-03 15.17.21.pdf (no EXIF date)
2025-05-29 21:44:12 - Created year directory: /media/ayoub/data/private/phone_backups/documents/1970
2025-05-29 21:44:12 - Error moving: ./documents/1970/New Doc 2019-06-03 15.17.21.pdf
2025-05-29 21:44:13 - Using file modification date (1970) for ./documents/1970/New Doc 2019-07-11 15.02.39.pdf (no EXIF date)
2025-05-29 21:44:13 - Moved: ./documents/1970/New Doc 2019-07-11 15.02.39.pdf -> /media/ayoub/data/private/phone_backups/documents/1970/New Doc 2019-07-11 15.02.39.pdf
2025-05-29 21:44:13 - Using file modification date (1970) for ./documents/1970/New Doc 2019-08-03 22.18.06.pdf (no EXIF date)
2025-05-29 21:44:13 - Moved: ./documents/1970/New Doc 2019-08-03 22.18.06.pdf -> /media/ayoub/data/private/phone_backups/documents/1970/New Doc 2019-08-03 22.18.06.pdf
2025-05-29 21:44:14 - Using file modification date (1970) for ./documents/1970/New Doc 2019-08-03 22.26.49.pdf (no EXIF date)
2025-05-29 21:44:14 - Moved: ./documents/1970/New Doc 2019-08-03 22.26.49.pdf -> /media/ayoub/data/private/phone_backups/documents/1970/New Doc 2019-08-03 22.26.49.pdf
2025-05-29 21:44:14 - Using file modification date (1970) for ./documents/1970/New Doc 2019-11-13 07.43.28.pdf (no EXIF date)
2025-05-29 21:44:14 - Moved: ./documents/1970/New Doc 2019-11-13 07.43.28.pdf -> /media/ayoub/data/private/phone_backups/documents/1970/New Doc 2019-11-13 07.43.28.pdf
2025-05-29 21:44:15 - Using EXIF CreateDate (2012) for ./documents/1970/nietzsche_zarathoustra.pdf
2025-05-29 21:44:15 - Moved: ./documents/1970/nietzsche_zarathoustra.pdf -> /media/ayoub/data/private/phone_backups/documents/2012/nietzsche_zarathoustra.pdf
2025-05-29 21:44:15 - Using EXIF CreateDate (2023) for ./documents/1970/non-remuneration-2023 (1).pdf
2025-05-29 21:44:15 - Moved: ./documents/1970/non-remuneration-2023 (1).pdf -> /media/ayoub/data/private/phone_backups/documents/2023/non-remuneration-2023 (1).pdf
2025-05-29 21:44:15 - Using EXIF CreateDate (2023) for ./documents/1970/non-remuneration-2023.pdf
2025-05-29 21:44:16 - Moved: ./documents/1970/non-remuneration-2023.pdf -> /media/ayoub/data/private/phone_backups/documents/2023/non-remuneration-2023.pdf
2025-05-29 21:44:16 - Using EXIF CreateDate (2023) for ./documents/1970/Nous étudierons ce matin le CHAPITRE 91.pdf
2025-05-29 21:44:16 - Moved: ./documents/1970/Nous étudierons ce matin le CHAPITRE 91.pdf -> /media/ayoub/data/private/phone_backups/documents/2023/Nous étudierons ce matin le CHAPITRE 91.pdf
2025-05-29 21:44:16 - Using EXIF CreateDate (2023) for ./documents/1970/2023121264022 (1).pdf
2025-05-29 21:44:16 - Moved: ./documents/1970/2023121264022 (1).pdf -> /media/ayoub/data/private/phone_backups/documents/2023/2023121264022 (1).pdf
2025-05-29 21:44:17 - Using EXIF CreateDate (0000) for ./documents/1970/2023121264022.pdf
2025-05-29 21:44:17 - Moved: ./documents/1970/2023121264022.pdf -> /media/ayoub/data/private/phone_backups/documents/0000/2023121264022.pdf
2025-05-29 21:44:17 - Using EXIF CreateDate (2022) for ./documents/1970/2033-sd_3723.pdf
2025-05-29 21:44:17 - Moved: ./documents/1970/2033-sd_3723.pdf -> /media/ayoub/data/private/phone_backups/documents/2022/2033-sd_3723.pdf
2025-05-29 21:44:17 - Using EXIF CreateDate (2022) for ./documents/1970/2207_fiche-sanitaire-du-passager_fr.pdf
2025-05-29 21:44:18 - Moved: ./documents/1970/2207_fiche-sanitaire-du-passager_fr.pdf -> /media/ayoub/data/private/phone_backups/documents/2022/2207_fiche-sanitaire-du-passager_fr.pdf
2025-05-29 21:44:18 - Using EXIF CreateDate (2002) for ./documents/1970/235_Cours psychologie(1).pdf
2025-05-29 21:44:18 - Created year directory: /media/ayoub/data/private/phone_backups/documents/2002
2025-05-29 21:44:18 - Error moving: ./documents/1970/235_Cours psychologie(1).pdf
2025-05-29 21:44:18 - Using EXIF CreateDate (2022) for ./documents/1970/24-ELZE-043 - ELMOUKHTAFI Ayoub (01012022-31012022).pdf
2025-05-29 21:44:18 - Moved: ./documents/1970/24-ELZE-043 - ELMOUKHTAFI Ayoub (01012022-31012022).pdf -> /media/ayoub/data/private/phone_backups/documents/2022/24-ELZE-043 - ELMOUKHTAFI Ayoub (01012022-31012022).pdf
2025-05-29 21:44:18 - Using EXIF CreateDate (2022) for ./documents/1970/24-ELZE-043 - ELMOUKHTAFI Ayoub (01022022-28022022) (1).pdf
2025-05-29 21:44:18 - Moved: ./documents/1970/24-ELZE-043 - ELMOUKHTAFI Ayoub (01022022-28022022) (1).pdf -> /media/ayoub/data/private/phone_backups/documents/2022/24-ELZE-043 - ELMOUKHTAFI Ayoub (01022022-28022022) (1).pdf
2025-05-29 21:44:19 - Using EXIF CreateDate (2021) for ./documents/1970/24-ELZE-043 - ELMOUKHTAFI Ayoub (01122021-31122021).pdf
2025-05-29 21:44:19 - Moved: ./documents/1970/24-ELZE-043 - ELMOUKHTAFI Ayoub (01122021-31122021).pdf -> /media/ayoub/data/private/phone_backups/documents/2021/24-ELZE-043 - ELMOUKHTAFI Ayoub (01122021-31122021).pdf
2025-05-29 21:44:19 - Using EXIF CreateDate (2020) for ./documents/1970/2_cours_modalisateurs.pdf
2025-05-29 21:44:19 - Moved: ./documents/1970/2_cours_modalisateurs.pdf -> /media/ayoub/data/private/phone_backups/documents/2020/2_cours_modalisateurs.pdf
2025-05-29 21:44:20 - Using EXIF CreateDate (2010) for ./documents/1970/3 A Storm of Swords.pdf
2025-05-29 21:44:20 - Moved: ./documents/1970/3 A Storm of Swords.pdf -> /media/ayoub/data/private/phone_backups/documents/2010/3 A Storm of Swords.pdf
2025-05-29 21:44:20 - Using EXIF CreateDate (2023) for ./documents/1970/3666-sd_4495.pdf
2025-05-29 21:44:20 - Moved: ./documents/1970/3666-sd_4495.pdf -> /media/ayoub/data/private/phone_backups/documents/2023/3666-sd_4495.pdf
2025-05-29 21:44:20 - Using EXIF CreateDate (2023) for ./documents/1970/3726694536_ACOE2.20230714.060200.pdf
2025-05-29 21:44:21 - Moved: ./documents/1970/3726694536_ACOE2.20230714.060200.pdf -> /media/ayoub/data/private/phone_backups/documents/2023/3726694536_ACOE2.20230714.060200.pdf
2025-05-29 21:44:21 - Using EXIF CreateDate (2023) for ./documents/1970/3726694536_FRE_20230706_071829.PDF
2025-05-29 21:44:21 - Moved: ./documents/1970/3726694536_FRE_20230706_071829.PDF -> /media/ayoub/data/private/phone_backups/documents/2023/3726694536_FRE_20230706_071829.PDF
2025-05-29 21:44:21 - Using EXIF CreateDate (0000) for ./documents/1970/3RJC9E_EL MOUKHTAFI_AYOUB_1320413960238695669.pdf
2025-05-29 21:44:21 - Moved: ./documents/1970/3RJC9E_EL MOUKHTAFI_AYOUB_1320413960238695669.pdf -> /media/ayoub/data/private/phone_backups/documents/0000/3RJC9E_EL MOUKHTAFI_AYOUB_1320413960238695669.pdf
2025-05-29 21:44:22 - Using EXIF CreateDate (0000) for ./documents/1970/2022_02_22 08_15 Office Lens.pdf
2025-05-29 21:44:22 - Moved: ./documents/1970/2022_02_22 08_15 Office Lens.pdf -> /media/ayoub/data/private/phone_backups/documents/0000/2022_02_22 08_15 Office Lens.pdf
2025-05-29 21:44:22 - Using EXIF CreateDate (2010) for ./documents/1970/4 A Feast for Crows.pdf
2025-05-29 21:44:22 - Moved: ./documents/1970/4 A Feast for Crows.pdf -> /media/ayoub/data/private/phone_backups/documents/2010/4 A Feast for Crows.pdf
2025-05-29 21:44:23 - Using EXIF CreateDate (2022) for ./documents/1970/AMARRIS_DIRECT_-_Votre_proposition_daccompag.pdf
2025-05-29 21:44:23 - Moved: ./documents/1970/AMARRIS_DIRECT_-_Votre_proposition_daccompag.pdf -> /media/ayoub/data/private/phone_backups/documents/2022/AMARRIS_DIRECT_-_Votre_proposition_daccompag.pdf
2025-05-29 21:44:23 - Using EXIF CreateDate (2022) for ./documents/1970/Avis_d_impot_2022_sur_les_revenus_2021 (1).pdf
2025-05-29 21:44:23 - Moved: ./documents/1970/Avis_d_impot_2022_sur_les_revenus_2021 (1).pdf -> /media/ayoub/data/private/phone_backups/documents/2022/Avis_d_impot_2022_sur_les_revenus_2021 (1).pdf
2025-05-29 21:44:24 - Using file modification date (1970) for ./documents/1970/casier-jud.pdf (no EXIF date)
2025-05-29 21:44:24 - Moved: ./documents/1970/casier-jud.pdf -> /media/ayoub/data/private/phone_backups/documents/1970/casier-jud.pdf
2025-05-29 21:44:24 - Using EXIF CreateDate (2018) for ./documents/1970/cours et exercice chimie des solution Mr hebbar nordine.pdf
2025-05-29 21:44:24 - Moved: ./documents/1970/cours et exercice chimie des solution Mr hebbar nordine.pdf -> /media/ayoub/data/private/phone_backups/documents/2018/cours et exercice chimie des solution Mr hebbar nordine.pdf
2025-05-29 21:44:25 - Using EXIF CreateDate (2022) for ./documents/1970/declaration_patient_positif_2022-03-30.pdf
2025-05-29 21:44:25 - Moved: ./documents/1970/declaration_patient_positif_2022-03-30.pdf -> /media/ayoub/data/private/phone_backups/documents/2022/declaration_patient_positif_2022-03-30.pdf
2025-05-29 21:44:25 - Using EXIF CreateDate (2012) for ./documents/1970/El-Zahir-Coelho-Paulo.pdf
2025-05-29 21:44:25 - Moved: ./documents/1970/El-Zahir-Coelho-Paulo.pdf -> /media/ayoub/data/private/phone_backups/documents/2012/El-Zahir-Coelho-Paulo.pdf
2025-05-29 21:44:25 - Using EXIF CreateDate (2023) for ./documents/1970/Facture-n-0023018998110.pdf
2025-05-29 21:44:25 - Moved: ./documents/1970/Facture-n-0023018998110.pdf -> /media/ayoub/data/private/phone_backups/documents/2023/Facture-n-0023018998110.pdf
2025-05-29 21:44:26 - Using EXIF CreateDate (2021) for ./documents/1970/Guide_tri_Bagneux_2022.pdf
2025-05-29 21:44:26 - Moved: ./documents/1970/Guide_tri_Bagneux_2022.pdf -> /media/ayoub/data/private/phone_backups/documents/2021/Guide_tri_Bagneux_2022.pdf
2025-05-29 21:44:26 - Using EXIF CreateDate (2023) for ./documents/1970/July, 2023.pdf
2025-05-29 21:44:26 - Moved: ./documents/1970/July, 2023.pdf -> /media/ayoub/data/private/phone_backups/documents/2023/July, 2023.pdf
2025-05-29 21:44:26 - Using EXIF CreateDate (2011) for ./documents/1970/Livret_du_citoyen-2-2.pdf
2025-05-29 21:44:26 - Created year directory: /media/ayoub/data/private/phone_backups/documents/2011
2025-05-29 21:44:26 - Error moving: ./documents/1970/Livret_du_citoyen-2-2.pdf
2025-05-29 21:44:26 - Using EXIF CreateDate (2021) for ./documents/1970/November, 2021.pdf
2025-05-29 21:44:27 - Moved: ./documents/1970/November, 2021.pdf -> /media/ayoub/data/private/phone_backups/documents/2021/November, 2021.pdf
2025-05-29 21:44:27 - Using EXIF CreateDate (2022) for ./documents/1970/PIECE FICHE INFORMATION IRD du 31 03 2022 12 14.pdf
2025-05-29 21:44:27 - Moved: ./documents/1970/PIECE FICHE INFORMATION IRD du 31 03 2022 12 14.pdf -> /media/ayoub/data/private/phone_backups/documents/2022/PIECE FICHE INFORMATION IRD du 31 03 2022 12 14.pdf
2025-05-29 21:44:27 - Using EXIF CreateDate (0000) for ./documents/1970/RecapitulatifAchat (2).pdf
2025-05-29 21:44:27 - Moved: ./documents/1970/RecapitulatifAchat (2).pdf -> /media/ayoub/data/private/phone_backups/documents/0000/RecapitulatifAchat (2).pdf
2025-05-29 21:44:28 - Using EXIF CreateDate (2022) for ./documents/1970/responsable_logistique_emmk.pdf
2025-05-29 21:44:28 - Moved: ./documents/1970/responsable_logistique_emmk.pdf -> /media/ayoub/data/private/phone_backups/documents/2022/responsable_logistique_emmk.pdf
2025-05-29 21:44:28 - Using EXIF CreateDate (2022) for ./documents/1970/SNCF - Itinerary receipt NTISSAR EL MOUKHTAFI - 02-04-2022-1.pdf
2025-05-29 21:44:28 - Moved: ./documents/1970/SNCF - Itinerary receipt NTISSAR EL MOUKHTAFI - 02-04-2022-1.pdf -> /media/ayoub/data/private/phone_backups/documents/2022/SNCF - Itinerary receipt NTISSAR EL MOUKHTAFI - 02-04-2022-1.pdf
2025-05-29 21:44:28 - Using EXIF CreateDate (0000) for ./documents/1970/ticket-PAYFIP0000000067492921.pdf
2025-05-29 21:44:29 - Moved: ./documents/1970/ticket-PAYFIP0000000067492921.pdf -> /media/ayoub/data/private/phone_backups/documents/0000/ticket-PAYFIP0000000067492921.pdf
2025-05-29 21:44:29 - Using EXIF CreateDate (0000) for ./documents/1970/RecapitulatifAchat (3).pdf
2025-05-29 21:44:29 - Moved: ./documents/1970/RecapitulatifAchat (3).pdf -> /media/ayoub/data/private/phone_backups/documents/0000/RecapitulatifAchat (3).pdf
2025-05-29 21:44:30 - Using EXIF CreateDate (0000) for ./documents/1970/RecapitulatifAchat (4).pdf
2025-05-29 21:44:30 - Moved: ./documents/1970/RecapitulatifAchat (4).pdf -> /media/ayoub/data/private/phone_backups/documents/0000/RecapitulatifAchat (4).pdf
2025-05-29 21:44:30 - Using EXIF CreateDate (0000) for ./documents/1970/RecapitulatifAchat (5).pdf
2025-05-29 21:44:30 - Moved: ./documents/1970/RecapitulatifAchat (5).pdf -> /media/ayoub/data/private/phone_backups/documents/0000/RecapitulatifAchat (5).pdf
2025-05-29 21:44:31 - Using EXIF CreateDate (0000) for ./documents/1970/RecapitulatifAchat.pdf
2025-05-29 21:44:31 - Moved: ./documents/1970/RecapitulatifAchat.pdf -> /media/ayoub/data/private/phone_backups/documents/0000/RecapitulatifAchat.pdf
2025-05-29 21:44:31 - Using EXIF CreateDate (2022) for ./documents/1970/receipt-1.pdf
2025-05-29 21:44:31 - Moved: ./documents/1970/receipt-1.pdf -> /media/ayoub/data/private/phone_backups/documents/2022/receipt-1.pdf
2025-05-29 21:44:31 - Using EXIF CreateDate (2022) for ./documents/1970/receipt-2.pdf
2025-05-29 21:44:31 - Moved: ./documents/1970/receipt-2.pdf -> /media/ayoub/data/private/phone_backups/documents/2022/receipt-2.pdf
2025-05-29 21:44:32 - Using EXIF CreateDate (2022) for ./documents/1970/receipt-3.pdf
2025-05-29 21:44:32 - Moved: ./documents/1970/receipt-3.pdf -> /media/ayoub/data/private/phone_backups/documents/2022/receipt-3.pdf
2025-05-29 21:44:32 - Using EXIF CreateDate (2022) for ./documents/1970/receipt.pdf
2025-05-29 21:44:32 - Moved: ./documents/1970/receipt.pdf -> /media/ayoub/data/private/phone_backups/documents/2022/receipt.pdf
2025-05-29 21:44:32 - Using EXIF CreateDate (2022) for ./documents/1970/Receipt_2022-03-10_130742.pdf
2025-05-29 21:44:32 - Moved: ./documents/1970/Receipt_2022-03-10_130742.pdf -> /media/ayoub/data/private/phone_backups/documents/2022/Receipt_2022-03-10_130742.pdf
2025-05-29 21:44:32 - Using EXIF CreateDate (2021) for ./documents/1970/receipt_57217d52-9963-54f4-a0c4-d01b1412d9c2.pdf
2025-05-29 21:44:33 - Moved: ./documents/1970/receipt_57217d52-9963-54f4-a0c4-d01b1412d9c2.pdf -> /media/ayoub/data/private/phone_backups/documents/2021/receipt_57217d52-9963-54f4-a0c4-d01b1412d9c2.pdf
2025-05-29 21:44:33 - Using EXIF CreateDate (2024) for ./documents/1970/recu.pdf
2025-05-29 21:44:33 - Moved: ./documents/1970/recu.pdf -> /media/ayoub/data/private/phone_backups/documents/2024/recu.pdf
2025-05-29 21:44:33 - Using EXIF CreateDate (0000) for ./documents/1970/redacted.txt
2025-05-29 21:44:33 - Moved: ./documents/1970/redacted.txt -> /media/ayoub/data/private/phone_backups/documents/0000/redacted.txt
2025-05-29 21:44:34 - Using EXIF CreateDate (2023) for ./documents/1970/ReleveDeCompte_00050064445_20230812.pdf
2025-05-29 21:44:34 - Moved: ./documents/1970/ReleveDeCompte_00050064445_20230812.pdf -> /media/ayoub/data/private/phone_backups/documents/2023/ReleveDeCompte_00050064445_20230812.pdf
2025-05-29 21:44:34 - Using file modification date (1970) for ./documents/1970/Releve_compte_28_03_2024-1719348833832.pdf (no EXIF date)
2025-05-29 21:44:34 - Moved: ./documents/1970/Releve_compte_28_03_2024-1719348833832.pdf -> /media/ayoub/data/private/phone_backups/documents/1970/Releve_compte_28_03_2024-1719348833832.pdf
2025-05-29 21:44:34 - Using EXIF CreateDate (2016) for ./documents/1970/ResilLigne-Free_27130175 (2).pdf
2025-05-29 21:44:34 - Created year directory: /media/ayoub/data/private/phone_backups/documents/2016
2025-05-29 21:44:34 - Error moving: ./documents/1970/ResilLigne-Free_27130175 (2).pdf
2025-05-29 21:44:35 - Using EXIF CreateDate (2022) for ./documents/1970/Certificat de travail ELMOUKHTAFI Ayoub.PDF
2025-05-29 21:44:35 - Moved: ./documents/1970/Certificat de travail ELMOUKHTAFI Ayoub.PDF -> /media/ayoub/data/private/phone_backups/documents/2022/Certificat de travail ELMOUKHTAFI Ayoub.PDF
2025-05-29 21:44:35 - Using EXIF CreateDate (2023) for ./documents/1970/certificat-temporaire-immatriculation.pdf
2025-05-29 21:44:35 - Moved: ./documents/1970/certificat-temporaire-immatriculation.pdf -> /media/ayoub/data/private/phone_backups/documents/2023/certificat-temporaire-immatriculation.pdf
2025-05-29 21:44:35 - Using EXIF CreateDate (2021) for ./documents/1970/certificat_vie Belkoufa Ahmed.pdf
2025-05-29 21:44:35 - Moved: ./documents/1970/certificat_vie Belkoufa Ahmed.pdf -> /media/ayoub/data/private/phone_backups/documents/2021/certificat_vie Belkoufa Ahmed.pdf
2025-05-29 21:44:35 - Using EXIF CreateDate (2022) for ./documents/1970/cf233c0b-e4a2-4c40-84bd-456304b69132.pdf
2025-05-29 21:44:36 - Moved: ./documents/1970/cf233c0b-e4a2-4c40-84bd-456304b69132.pdf -> /media/ayoub/data/private/phone_backups/documents/2022/cf233c0b-e4a2-4c40-84bd-456304b69132.pdf
2025-05-29 21:44:36 - Using EXIF CreateDate (2021) for ./documents/1970/cgbad01012022.pdf
2025-05-29 21:44:36 - Moved: ./documents/1970/cgbad01012022.pdf -> /media/ayoub/data/private/phone_backups/documents/2021/cgbad01012022.pdf
2025-05-29 21:44:36 - Using EXIF CreateDate (2021) for ./documents/1970/cgbad01052021.pdf
2025-05-29 21:44:36 - Moved: ./documents/1970/cgbad01052021.pdf -> /media/ayoub/data/private/phone_backups/documents/2021/cgbad01052021.pdf
2025-05-29 21:44:37 - Using EXIF CreateDate (2022) for ./documents/1970/cgbad01052022.pdf
2025-05-29 21:44:37 - Moved: ./documents/1970/cgbad01052022.pdf -> /media/ayoub/data/private/phone_backups/documents/2022/cgbad01052022.pdf
2025-05-29 21:44:37 - Using EXIF CreateDate (2022) for ./documents/1970/Chequier_avantages_APRIL.pdf
2025-05-29 21:44:37 - Moved: ./documents/1970/Chequier_avantages_APRIL.pdf -> /media/ayoub/data/private/phone_backups/documents/2022/Chequier_avantages_APRIL.pdf
2025-05-29 21:44:37 - Using EXIF CreateDate (2023) for ./documents/1970/coloring-free-book-chameleon.pdf
2025-05-29 21:44:37 - Moved: ./documents/1970/coloring-free-book-chameleon.pdf -> /media/ayoub/data/private/phone_backups/documents/2023/coloring-free-book-chameleon.pdf
2025-05-29 21:44:38 - Using EXIF CreateDate (2020) for ./documents/1970/CONCEPTEUR.pdf
2025-05-29 21:44:38 - Moved: ./documents/1970/CONCEPTEUR.pdf -> /media/ayoub/data/private/phone_backups/documents/2020/CONCEPTEUR.pdf
2025-05-29 21:44:38 - Using EXIF CreateDate (2023) for ./documents/1970/confirmation-de-paiement_JESZNA (1).pdf
2025-05-29 21:44:38 - Moved: ./documents/1970/confirmation-de-paiement_JESZNA (1).pdf -> /media/ayoub/data/private/phone_backups/documents/2023/confirmation-de-paiement_JESZNA (1).pdf
2025-05-29 21:44:38 - Using EXIF CreateDate (2023) for ./documents/1970/contenu_27263020_ayoub.elmoukhtafi@gmail.com.pdf
2025-05-29 21:44:38 - Moved: ./documents/1970/contenu_27263020_ayoub.elmoukhtafi@gmail.com.pdf -> /media/ayoub/data/private/phone_backups/documents/2023/contenu_27263020_ayoub.elmoukhtafi@gmail.com.pdf
2025-05-29 21:44:39 - Using EXIF CreateDate (2021) for ./documents/1970/Contrat de location 2021 pdf.pdf
2025-05-29 21:44:39 - Moved: ./documents/1970/Contrat de location 2021 pdf.pdf -> /media/ayoub/data/private/phone_backups/documents/2021/Contrat de location 2021 pdf.pdf
2025-05-29 21:44:39 - Using EXIF CreateDate (2021) for ./documents/1970/Contrat ST - ELMOUKHTAFI Ayoub - ELZEI CONSULTING - du 02122021 au 28022022.pdf
2025-05-29 21:44:39 - Moved: ./documents/1970/Contrat ST - ELMOUKHTAFI Ayoub - ELZEI CONSULTING - du 02122021 au 28022022.pdf -> /media/ayoub/data/private/phone_backups/documents/2021/Contrat ST - ELMOUKHTAFI Ayoub - ELZEI CONSULTING - du 02122021 au 28022022.pdf
2025-05-29 21:44:40 - Using EXIF CreateDate (0000) for ./documents/1970/Convention_de_stage_ICM_2A_EZ-ZOURY Taha - STAGE 2A - ICM - 2023.pdf
2025-05-29 21:44:40 - Moved: ./documents/1970/Convention_de_stage_ICM_2A_EZ-ZOURY Taha - STAGE 2A - ICM - 2023.pdf -> /media/ayoub/data/private/phone_backups/documents/0000/Convention_de_stage_ICM_2A_EZ-ZOURY Taha - STAGE 2A - ICM - 2023.pdf
2025-05-29 21:44:40 - Using EXIF CreateDate (2023) for ./documents/1970/Convocation_Assemblée_Générale.pdf
2025-05-29 21:44:40 - Moved: ./documents/1970/Convocation_Assemblée_Générale.pdf -> /media/ayoub/data/private/phone_backups/documents/2023/Convocation_Assemblée_Générale.pdf
2025-05-29 21:44:40 - Using EXIF CreateDate (2023) for ./documents/1970/coures sheikh Abdelraza EL Abad.pdf
2025-05-29 21:44:41 - Moved: ./documents/1970/coures sheikh Abdelraza EL Abad.pdf -> /media/ayoub/data/private/phone_backups/documents/2023/coures sheikh Abdelraza EL Abad.pdf
2025-05-29 21:44:41 - Using EXIF CreateDate (2023) for ./documents/1970/Cours de Cheikh Abdlerazaq Hadith92.pdf
2025-05-29 21:44:41 - Moved: ./documents/1970/Cours de Cheikh Abdlerazaq Hadith92.pdf -> /media/ayoub/data/private/phone_backups/documents/2023/Cours de Cheikh Abdlerazaq Hadith92.pdf
2025-05-29 21:44:41 - Using EXIF CreateDate (2010) for ./documents/1970/Apprivoiser ses émotions.pdf
2025-05-29 21:44:41 - Moved: ./documents/1970/Apprivoiser ses émotions.pdf -> /media/ayoub/data/private/phone_backups/documents/2010/Apprivoiser ses émotions.pdf
2025-05-29 21:44:42 - Using EXIF CreateDate (2021) for ./documents/1970/APRIL Moove Santé - Conditions Générales.pdf
2025-05-29 21:44:42 - Moved: ./documents/1970/APRIL Moove Santé - Conditions Générales.pdf -> /media/ayoub/data/private/phone_backups/documents/2021/APRIL Moove Santé - Conditions Générales.pdf
2025-05-29 21:44:42 - Using EXIF CreateDate (2021) for ./documents/1970/APRIL Moove Santé - Document Information Produit.pdf
2025-05-29 21:44:42 - Moved: ./documents/1970/APRIL Moove Santé - Document Information Produit.pdf -> /media/ayoub/data/private/phone_backups/documents/2021/APRIL Moove Santé - Document Information Produit.pdf
2025-05-29 21:44:42 - Using EXIF CreateDate (2019) for ./documents/1970/Attestation Abonnement-1.pdf
2025-05-29 21:44:43 - Moved: ./documents/1970/Attestation Abonnement-1.pdf -> /media/ayoub/data/private/phone_backups/documents/2019/Attestation Abonnement-1.pdf
2025-05-29 21:44:43 - Using EXIF CreateDate (2022) for ./documents/1970/Attestation Abonnement.PDF
2025-05-29 21:44:43 - Moved: ./documents/1970/Attestation Abonnement.PDF -> /media/ayoub/data/private/phone_backups/documents/2022/Attestation Abonnement.PDF
2025-05-29 21:44:43 - Using EXIF CreateDate (2019) for ./documents/1970/Attestation CA 2017-2019.pdf
2025-05-29 21:44:43 - Moved: ./documents/1970/Attestation CA 2017-2019.pdf -> /media/ayoub/data/private/phone_backups/documents/2019/Attestation CA 2017-2019.pdf
2025-05-29 21:44:43 - Using EXIF CreateDate (2022) for ./documents/1970/ATTESTATION IRD du 31 03 2022 15 34.pdf
2025-05-29 21:44:44 - Moved: ./documents/1970/ATTESTATION IRD du 31 03 2022 15 34.pdf -> /media/ayoub/data/private/phone_backups/documents/2022/ATTESTATION IRD du 31 03 2022 15 34.pdf
2025-05-29 21:44:44 - Using EXIF CreateDate (2013) for ./documents/1970/attestation_contrat.pdf
2025-05-29 21:44:44 - Moved: ./documents/1970/attestation_contrat.pdf -> /media/ayoub/data/private/phone_backups/documents/2013/attestation_contrat.pdf
2025-05-29 21:44:44 - Using EXIF CreateDate (2023) for ./documents/1970/Attestation_dispense_acompte.pdf
2025-05-29 21:44:44 - Moved: ./documents/1970/Attestation_dispense_acompte.pdf -> /media/ayoub/data/private/phone_backups/documents/2023/Attestation_dispense_acompte.pdf
2025-05-29 21:44:45 - Using EXIF CreateDate (0000) for ./documents/1970/Attestation_temporaire.pdf
2025-05-29 21:44:45 - Moved: ./documents/1970/Attestation_temporaire.pdf -> /media/ayoub/data/private/phone_backups/documents/0000/Attestation_temporaire.pdf
2025-05-29 21:44:45 - Using EXIF CreateDate (2021) for ./documents/1970/Attestation_vaccination_covid (1).pdf
2025-05-29 21:44:45 - Moved: ./documents/1970/Attestation_vaccination_covid (1).pdf -> /media/ayoub/data/private/phone_backups/documents/2021/Attestation_vaccination_covid (1).pdf
2025-05-29 21:44:45 - Using EXIF CreateDate (2021) for ./documents/1970/Attestation_vaccination_covid.pdf
2025-05-29 21:44:46 - Moved: ./documents/1970/Attestation_vaccination_covid.pdf -> /media/ayoub/data/private/phone_backups/documents/2021/Attestation_vaccination_covid.pdf
2025-05-29 21:44:46 - Using EXIF CreateDate (0000) for ./documents/1970/Avis de recrutement 2018-1.pdf
2025-05-29 21:44:46 - Moved: ./documents/1970/Avis de recrutement 2018-1.pdf -> /media/ayoub/data/private/phone_backups/documents/0000/Avis de recrutement 2018-1.pdf
2025-05-29 21:44:46 - Using EXIF CreateDate (2023) for ./documents/1970/Hadith 94 de Cheikh Abd al Razzaq Al-badr.pdf
2025-05-29 21:44:46 - Moved: ./documents/1970/Hadith 94 de Cheikh Abd al Razzaq Al-badr.pdf -> /media/ayoub/data/private/phone_backups/documents/2023/Hadith 94 de Cheikh Abd al Razzaq Al-badr.pdf
2025-05-29 21:44:47 - Using EXIF CreateDate (2023) for ./documents/1970/Hajj Leaflet(Arabic).ai 2.pdf
2025-05-29 21:44:47 - Moved: ./documents/1970/Hajj Leaflet(Arabic).ai 2.pdf -> /media/ayoub/data/private/phone_backups/documents/2023/Hajj Leaflet(Arabic).ai 2.pdf
2025-05-29 21:44:47 - Using EXIF CreateDate (2022) for ./documents/1970/Haram_Instructions.pdf
2025-05-29 21:44:47 - Moved: ./documents/1970/Haram_Instructions.pdf -> /media/ayoub/data/private/phone_backups/documents/2022/Haram_Instructions.pdf
2025-05-29 21:44:48 - Using EXIF CreateDate (2023) for ./documents/1970/ikea_075155.pdf
2025-05-29 21:44:48 - Moved: ./documents/1970/ikea_075155.pdf -> /media/ayoub/data/private/phone_backups/documents/2023/ikea_075155.pdf
2025-05-29 21:44:48 - Using file modification date (1970) for ./documents/1970/Impot_sur_les_revenus_2021_Avance_de_reductions_et_credits_d_impot.pdf (no EXIF date)
2025-05-29 21:44:48 - Moved: ./documents/1970/Impot_sur_les_revenus_2021_Avance_de_reductions_et_credits_d_impot.pdf -> /media/ayoub/data/private/phone_backups/documents/1970/Impot_sur_les_revenus_2021_Avance_de_reductions_et_credits_d_impot.pdf
2025-05-29 21:44:48 - Using EXIF CreateDate (2022) for ./documents/1970/IMPR_PDF_20220331_153308706.PDF
2025-05-29 21:44:48 - Moved: ./documents/1970/IMPR_PDF_20220331_153308706.PDF -> /media/ayoub/data/private/phone_backups/documents/2022/IMPR_PDF_20220331_153308706.PDF
2025-05-29 21:44:49 - Using EXIF CreateDate (2022) for ./documents/1970/IMPR_PDF_20220331_153313757.PDF
2025-05-29 21:44:49 - Moved: ./documents/1970/IMPR_PDF_20220331_153313757.PDF -> /media/ayoub/data/private/phone_backups/documents/2022/IMPR_PDF_20220331_153313757.PDF
2025-05-29 21:44:49 - Using EXIF CreateDate (0000) for ./documents/1970/Informations-sur-le-produit.pdf
2025-05-29 21:44:49 - Moved: ./documents/1970/Informations-sur-le-produit.pdf -> /media/ayoub/data/private/phone_backups/documents/0000/Informations-sur-le-produit.pdf
2025-05-29 21:44:49 - Using EXIF CreateDate (2022) for ./documents/1970/InformeResultados_6_3_2022 6_23_54 PM.pdf
2025-05-29 21:44:50 - Moved: ./documents/1970/InformeResultados_6_3_2022 6_23_54 PM.pdf -> /media/ayoub/data/private/phone_backups/documents/2022/InformeResultados_6_3_2022 6_23_54 PM.pdf
2025-05-29 21:44:50 - Using EXIF CreateDate (2024) for ./documents/1970/Internship subject suggestions.docx
2025-05-29 21:44:50 - Moved: ./documents/1970/Internship subject suggestions.docx -> /media/ayoub/data/private/phone_backups/documents/2024/Internship subject suggestions.docx
2025-05-29 21:44:50 - Using EXIF CreateDate (2023) for ./documents/1970/INTM FR-Avenant N°1-EL MOUKHTAFI Ayoub - WIDE VIEW - du 01072023 Au 30062024 (1).pdf
2025-05-29 21:44:50 - Moved: ./documents/1970/INTM FR-Avenant N°1-EL MOUKHTAFI Ayoub - WIDE VIEW - du 01072023 Au 30062024 (1).pdf -> /media/ayoub/data/private/phone_backups/documents/2023/INTM FR-Avenant N°1-EL MOUKHTAFI Ayoub - WIDE VIEW - du 01072023 Au 30062024 (1).pdf
2025-05-29 21:44:51 - Using EXIF CreateDate (2023) for ./documents/1970/INTM FR-Avenant N°1-EL MOUKHTAFI Ayoub - WIDE VIEW - du 01072023 Au 30062024signed.pdf
2025-05-29 21:44:51 - Moved: ./documents/1970/INTM FR-Avenant N°1-EL MOUKHTAFI Ayoub - WIDE VIEW - du 01072023 Au 30062024signed.pdf -> /media/ayoub/data/private/phone_backups/documents/2023/INTM FR-Avenant N°1-EL MOUKHTAFI Ayoub - WIDE VIEW - du 01072023 Au 30062024signed.pdf
2025-05-29 21:44:51 - Using EXIF CreateDate (2011) for ./documents/1970/John-Gray---Les-hommes-viennent-de-mars--les-femmes-de-venu.pdf
2025-05-29 21:44:51 - Moved: ./documents/1970/John-Gray---Les-hommes-viennent-de-mars--les-femmes-de-venu.pdf -> /media/ayoub/data/private/phone_backups/documents/2011/John-Gray---Les-hommes-viennent-de-mars--les-femmes-de-venu.pdf
2025-05-29 21:44:51 - Using EXIF CreateDate (2014) for ./documents/1970/Journal_d'un_prince_banni.pdf
2025-05-29 21:44:51 - Created year directory: /media/ayoub/data/private/phone_backups/documents/2014
2025-05-29 21:44:52 - Error moving: ./documents/1970/Journal_d'un_prince_banni.pdf
2025-05-29 21:44:52 - Using EXIF CreateDate (2023) for ./documents/1970/Facture-n-0023020624444.pdf
2025-05-29 21:44:52 - Moved: ./documents/1970/Facture-n-0023020624444.pdf -> /media/ayoub/data/private/phone_backups/documents/2023/Facture-n-0023020624444.pdf
2025-05-29 21:44:52 - Using EXIF CreateDate (2023) for ./documents/1970/Facture-n-0023020797888.pdf
2025-05-29 21:44:52 - Moved: ./documents/1970/Facture-n-0023020797888.pdf -> /media/ayoub/data/private/phone_backups/documents/2023/Facture-n-0023020797888.pdf
2025-05-29 21:44:52 - Using EXIF CreateDate (2023) for ./documents/1970/Facture-n-0023027398615.pdf
2025-05-29 21:44:53 - Moved: ./documents/1970/Facture-n-0023027398615.pdf -> /media/ayoub/data/private/phone_backups/documents/2023/Facture-n-0023027398615.pdf
2025-05-29 21:44:53 - Using EXIF CreateDate (2023) for ./documents/1970/Facture-n-0023028047347.pdf
2025-05-29 21:44:53 - Moved: ./documents/1970/Facture-n-0023028047347.pdf -> /media/ayoub/data/private/phone_backups/documents/2023/Facture-n-0023028047347.pdf
2025-05-29 21:44:53 - Using EXIF CreateDate (2023) for ./documents/1970/Facture-n-0023028398319.pdf
2025-05-29 21:44:53 - Moved: ./documents/1970/Facture-n-0023028398319.pdf -> /media/ayoub/data/private/phone_backups/documents/2023/Facture-n-0023028398319.pdf
2025-05-29 21:44:53 - Using EXIF CreateDate (2023) for ./documents/1970/Facture-n-0023030747546.pdf
2025-05-29 21:44:54 - Moved: ./documents/1970/Facture-n-0023030747546.pdf -> /media/ayoub/data/private/phone_backups/documents/2023/Facture-n-0023030747546.pdf
2025-05-29 21:44:54 - Using EXIF CreateDate (2024) for ./documents/1970/Facture-n-0023030997274.pdf
2025-05-29 21:44:54 - Moved: ./documents/1970/Facture-n-0023030997274.pdf -> /media/ayoub/data/private/phone_backups/documents/2024/Facture-n-0023030997274.pdf
2025-05-29 21:44:54 - Using EXIF CreateDate (2024) for ./documents/1970/Facture-n-0023032145890.pdf
2025-05-29 21:44:54 - Moved: ./documents/1970/Facture-n-0023032145890.pdf -> /media/ayoub/data/private/phone_backups/documents/2024/Facture-n-0023032145890.pdf
2025-05-29 21:44:55 - Using EXIF CreateDate (2024) for ./documents/1970/Facture-n-0023032296940.pdf
2025-05-29 21:44:55 - Moved: ./documents/1970/Facture-n-0023032296940.pdf -> /media/ayoub/data/private/phone_backups/documents/2024/Facture-n-0023032296940.pdf
2025-05-29 21:44:55 - Using EXIF CreateDate (2024) for ./documents/1970/Facture-n-0023033447326.pdf
2025-05-29 21:44:55 - Moved: ./documents/1970/Facture-n-0023033447326.pdf -> /media/ayoub/data/private/phone_backups/documents/2024/Facture-n-0023033447326.pdf
2025-05-29 21:44:55 - Using EXIF CreateDate (2024) for ./documents/1970/Facture-n-0023033597524.pdf
2025-05-29 21:44:55 - Moved: ./documents/1970/Facture-n-0023033597524.pdf -> /media/ayoub/data/private/phone_backups/documents/2024/Facture-n-0023033597524.pdf
2025-05-29 21:44:56 - Using EXIF CreateDate (2022) for ./documents/1970/Facture_Free_202212_27130175_1162437405.pdf
2025-05-29 21:44:56 - Moved: ./documents/1970/Facture_Free_202212_27130175_1162437405.pdf -> /media/ayoub/data/private/phone_backups/documents/2022/Facture_Free_202212_27130175_1162437405.pdf
2025-05-29 21:44:56 - Using EXIF CreateDate (0000) for ./documents/1970/fihce de stage MOUKHTAFI.pdf
2025-05-29 21:44:56 - Moved: ./documents/1970/fihce de stage MOUKHTAFI.pdf -> /media/ayoub/data/private/phone_backups/documents/0000/fihce de stage MOUKHTAFI.pdf
2025-05-29 21:44:56 - Using EXIF CreateDate (2004) for ./documents/1970/flaubert_dictionnaire_des_idees_recues.pdf
2025-05-29 21:44:56 - Created year directory: /media/ayoub/data/private/phone_backups/documents/2004
2025-05-29 21:44:56 - Error moving: ./documents/1970/flaubert_dictionnaire_des_idees_recues.pdf
2025-05-29 21:44:57 - Using EXIF CreateDate (2021) for ./documents/1970/Formulaire d'acceptation Services d'investissement.pdf
2025-05-29 21:44:57 - Moved: ./documents/1970/Formulaire d'acceptation Services d'investissement.pdf -> /media/ayoub/data/private/phone_backups/documents/2021/Formulaire d'acceptation Services d'investissement.pdf
2025-05-29 21:44:57 - Using EXIF CreateDate (2020) for ./documents/1970/fr-les-six-fondements.pdf
2025-05-29 21:44:57 - Moved: ./documents/1970/fr-les-six-fondements.pdf -> /media/ayoub/data/private/phone_backups/documents/2020/fr-les-six-fondements.pdf
2025-05-29 21:44:57 - Using EXIF CreateDate (2016) for ./documents/1970/francais_3b_-_grammaire-modalisation-lecon_exercices.pdf
2025-05-29 21:44:57 - Moved: ./documents/1970/francais_3b_-_grammaire-modalisation-lecon_exercices.pdf -> /media/ayoub/data/private/phone_backups/documents/2016/francais_3b_-_grammaire-modalisation-lecon_exercices.pdf
2025-05-29 21:44:58 - Using EXIF CreateDate (2022) for ./documents/1970/GED_ATT_K62262877_31032022153412.PDF
2025-05-29 21:44:58 - Moved: ./documents/1970/GED_ATT_K62262877_31032022153412.PDF -> /media/ayoub/data/private/phone_backups/documents/2022/GED_ATT_K62262877_31032022153412.PDF
2025-05-29 21:44:58 - Using EXIF CreateDate (2022) for ./documents/1970/GED_DP_K62262877_31032022153220.PDF
2025-05-29 21:44:58 - Moved: ./documents/1970/GED_DP_K62262877_31032022153220.PDF -> /media/ayoub/data/private/phone_backups/documents/2022/GED_DP_K62262877_31032022153220.PDF
2025-05-29 21:44:58 - Using EXIF CreateDate (0000) for ./documents/1970/github-recovery-codes.txt
2025-05-29 21:44:59 - Moved: ./documents/1970/github-recovery-codes.txt -> /media/ayoub/data/private/phone_backups/documents/0000/github-recovery-codes.txt
2025-05-29 21:44:59 - Using EXIF CreateDate (2014) for ./documents/1970/glassesShape.pdf
2025-05-29 21:44:59 - Moved: ./documents/1970/glassesShape.pdf -> /media/ayoub/data/private/phone_backups/documents/2014/glassesShape.pdf
2025-05-29 21:44:59 - Using EXIF CreateDate (2021) for ./documents/1970/GRF-PIECE_MANQUANTE.PDF
2025-05-29 21:44:59 - Moved: ./documents/1970/GRF-PIECE_MANQUANTE.PDF -> /media/ayoub/data/private/phone_backups/documents/2021/GRF-PIECE_MANQUANTE.PDF
2025-05-29 21:45:00 - Using EXIF CreateDate (0000) for ./documents/1970/guide-charges-deductibles-dougs-compta.pdf
2025-05-29 21:45:00 - Moved: ./documents/1970/guide-charges-deductibles-dougs-compta.pdf -> /media/ayoub/data/private/phone_backups/documents/0000/guide-charges-deductibles-dougs-compta.pdf
2025-05-29 21:45:00 - Using EXIF CreateDate (2024) for ./documents/1970/null.pdf
2025-05-29 21:45:00 - Moved: ./documents/1970/null.pdf -> /media/ayoub/data/private/phone_backups/documents/2024/null.pdf
2025-05-29 21:45:01 - Using EXIF CreateDate (0000) for ./documents/1970/Numérisation 9 juil. 2020 (1).pdf
2025-05-29 21:45:01 - Moved: ./documents/1970/Numérisation 9 juil. 2020 (1).pdf -> /media/ayoub/data/private/phone_backups/documents/0000/Numérisation 9 juil. 2020 (1).pdf
2025-05-29 21:45:01 - Using EXIF CreateDate (0000) for ./documents/1970/oncf-voyages-ayoub el moukhtafi (1).pdf
2025-05-29 21:45:01 - Moved: ./documents/1970/oncf-voyages-ayoub el moukhtafi (1).pdf -> /media/ayoub/data/private/phone_backups/documents/0000/oncf-voyages-ayoub el moukhtafi (1).pdf
2025-05-29 21:45:02 - Using EXIF CreateDate (0000) for ./documents/1970/oncf-voyages-ayoub el moukhtafi (3).pdf
2025-05-29 21:45:02 - Moved: ./documents/1970/oncf-voyages-ayoub el moukhtafi (3).pdf -> /media/ayoub/data/private/phone_backups/documents/0000/oncf-voyages-ayoub el moukhtafi (3).pdf
2025-05-29 21:45:02 - Using EXIF CreateDate (0000) for ./documents/1970/oncf-voyages-ayoub el moukhtafi (4).pdf
2025-05-29 21:45:02 - Moved: ./documents/1970/oncf-voyages-ayoub el moukhtafi (4).pdf -> /media/ayoub/data/private/phone_backups/documents/0000/oncf-voyages-ayoub el moukhtafi (4).pdf
2025-05-29 21:45:03 - Using EXIF CreateDate (0000) for ./documents/1970/oncf-voyages-ayoub el moukhtafi.pdf
2025-05-29 21:45:03 - Moved: ./documents/1970/oncf-voyages-ayoub el moukhtafi.pdf -> /media/ayoub/data/private/phone_backups/documents/0000/oncf-voyages-ayoub el moukhtafi.pdf
2025-05-29 21:45:03 - Using EXIF CreateDate (0000) for ./documents/1970/oncf-voyages-fatima benchetto.pdf
2025-05-29 21:45:03 - Moved: ./documents/1970/oncf-voyages-fatima benchetto.pdf -> /media/ayoub/data/private/phone_backups/documents/0000/oncf-voyages-fatima benchetto.pdf
2025-05-29 21:45:04 - Using EXIF CreateDate (0000) for ./documents/1970/oncf-voyages-ntissar chaoui (1).pdf
2025-05-29 21:45:04 - Moved: ./documents/1970/oncf-voyages-ntissar chaoui (1).pdf -> /media/ayoub/data/private/phone_backups/documents/0000/oncf-voyages-ntissar chaoui (1).pdf
2025-05-29 21:45:04 - Using EXIF CreateDate (0000) for ./documents/1970/oncf-voyages-ntissar chaoui.pdf
2025-05-29 21:45:05 - Moved: ./documents/1970/oncf-voyages-ntissar chaoui.pdf -> /media/ayoub/data/private/phone_backups/documents/0000/oncf-voyages-ntissar chaoui.pdf
2025-05-29 21:45:05 - Using EXIF CreateDate (2022) for ./documents/1970/OP0422MIC5.pdf
2025-05-29 21:45:05 - Moved: ./documents/1970/OP0422MIC5.pdf -> /media/ayoub/data/private/phone_backups/documents/2022/OP0422MIC5.pdf
2025-05-29 21:45:05 - Using EXIF CreateDate (2022) for ./documents/1970/Page de confirmation (1).pdf
2025-05-29 21:45:05 - Moved: ./documents/1970/Page de confirmation (1).pdf -> /media/ayoub/data/private/phone_backups/documents/2022/Page de confirmation (1).pdf
2025-05-29 21:45:05 - Using EXIF CreateDate (2022) for ./documents/1970/Page de confirmation.pdf
2025-05-29 21:45:06 - Moved: ./documents/1970/Page de confirmation.pdf -> /media/ayoub/data/private/phone_backups/documents/2022/Page de confirmation.pdf
2025-05-29 21:45:06 - Using EXIF CreateDate (2022) for ./documents/1970/PARIS_MONT_1_ET_2-ARCACHON_29-03-22_EL_MOUKHTAFI_NTISSAR_TRFLMQ_Yr0D91Kw9BcOgh5pWeG2.pdf
2025-05-29 21:45:06 - Moved: ./documents/1970/PARIS_MONT_1_ET_2-ARCACHON_29-03-22_EL_MOUKHTAFI_NTISSAR_TRFLMQ_Yr0D91Kw9BcOgh5pWeG2.pdf -> /media/ayoub/data/private/phone_backups/documents/2022/PARIS_MONT_1_ET_2-ARCACHON_29-03-22_EL_MOUKHTAFI_NTISSAR_TRFLMQ_Yr0D91Kw9BcOgh5pWeG2.pdf
2025-05-29 21:45:06 - Using EXIF CreateDate (2023) for ./documents/1970/Pas à pas Omra et Hajj.pdf
2025-05-29 21:45:06 - Moved: ./documents/1970/Pas à pas Omra et Hajj.pdf -> /media/ayoub/data/private/phone_backups/documents/2023/Pas à pas Omra et Hajj.pdf
2025-05-29 21:45:06 - Using EXIF CreateDate (2021) for ./documents/1970/PG-HOME-Collecion-2021-EN.pdf
2025-05-29 21:45:07 - Moved: ./documents/1970/PG-HOME-Collecion-2021-EN.pdf -> /media/ayoub/data/private/phone_backups/documents/2021/PG-HOME-Collecion-2021-EN.pdf
2025-05-29 21:45:07 - Using EXIF CreateDate (2022) for ./documents/1970/rez de chaussee.pdf
2025-05-29 21:45:07 - Moved: ./documents/1970/rez de chaussee.pdf -> /media/ayoub/data/private/phone_backups/documents/2022/rez de chaussee.pdf
2025-05-29 21:45:07 - Using EXIF CreateDate (2014) for ./documents/1970/RE_for_beginners-en.pdf
2025-05-29 21:45:07 - Moved: ./documents/1970/RE_for_beginners-en.pdf -> /media/ayoub/data/private/phone_backups/documents/2014/RE_for_beginners-en.pdf
2025-05-29 21:45:08 - Using EXIF CreateDate (2022) for ./documents/1970/RIB - Boursorama-1.pdf
2025-05-29 21:45:08 - Moved: ./documents/1970/RIB - Boursorama-1.pdf -> /media/ayoub/data/private/phone_backups/documents/2022/RIB - Boursorama-1.pdf
2025-05-29 21:45:08 - Using EXIF CreateDate (2022) for ./documents/1970/RIB - Boursorama-2.pdf
2025-05-29 21:45:08 - Moved: ./documents/1970/RIB - Boursorama-2.pdf -> /media/ayoub/data/private/phone_backups/documents/2022/RIB - Boursorama-2.pdf
2025-05-29 21:45:08 - Using EXIF CreateDate (2022) for ./documents/1970/RIB - Boursorama.pdf
2025-05-29 21:45:08 - Moved: ./documents/1970/RIB - Boursorama.pdf -> /media/ayoub/data/private/phone_backups/documents/2022/RIB - Boursorama.pdf
2025-05-29 21:45:12 - Using EXIF CreateDate (1999) for ./documents/1970/s3201.pdf
2025-05-29 21:45:12 - Created year directory: /media/ayoub/data/private/phone_backups/documents/1999
2025-05-29 21:45:12 - Error moving: ./documents/1970/s3201.pdf
2025-05-29 21:45:13 - Using EXIF CreateDate (2011) for ./documents/1970/SDZ - Apprenez A Programmer En Java.pdf
2025-05-29 21:45:13 - Moved: ./documents/1970/SDZ - Apprenez A Programmer En Java.pdf -> /media/ayoub/data/private/phone_backups/documents/2011/SDZ - Apprenez A Programmer En Java.pdf
2025-05-29 21:45:13 - Using EXIF CreateDate (2016) for ./documents/1970/se_soigner_en_france_fr_bd_2_.pdf
2025-05-29 21:45:13 - Moved: ./documents/1970/se_soigner_en_france_fr_bd_2_.pdf -> /media/ayoub/data/private/phone_backups/documents/2016/se_soigner_en_france_fr_bd_2_.pdf
2025-05-29 21:45:13 - Using EXIF CreateDate (2021) for ./documents/1970/SKKU4J-10F867-AB_-_Dashcam_Kit.pdf
2025-05-29 21:45:13 - Moved: ./documents/1970/SKKU4J-10F867-AB_-_Dashcam_Kit.pdf -> /media/ayoub/data/private/phone_backups/documents/2021/SKKU4J-10F867-AB_-_Dashcam_Kit.pdf
2025-05-29 21:45:14 - Using EXIF CreateDate (2022) for ./documents/1970/SNCF - Itinerary receipt AYOUB EL MOUKHTAFI - 02-04-2022-1.pdf
2025-05-29 21:45:14 - Moved: ./documents/1970/SNCF - Itinerary receipt AYOUB EL MOUKHTAFI - 02-04-2022-1.pdf -> /media/ayoub/data/private/phone_backups/documents/2022/SNCF - Itinerary receipt AYOUB EL MOUKHTAFI - 02-04-2022-1.pdf
2025-05-29 21:45:14 - Using EXIF CreateDate (2022) for ./documents/1970/SNCF - Itinerary receipt AYOUB EL MOUKHTAFI - 02-04-2022-2.pdf
2025-05-29 21:45:14 - Moved: ./documents/1970/SNCF - Itinerary receipt AYOUB EL MOUKHTAFI - 02-04-2022-2.pdf -> /media/ayoub/data/private/phone_backups/documents/2022/SNCF - Itinerary receipt AYOUB EL MOUKHTAFI - 02-04-2022-2.pdf
2025-05-29 21:45:14 - Using EXIF CreateDate (2022) for ./documents/1970/SNCF - Itinerary receipt AYOUB EL MOUKHTAFI - 02-04-2022.pdf
2025-05-29 21:45:15 - Moved: ./documents/1970/SNCF - Itinerary receipt AYOUB EL MOUKHTAFI - 02-04-2022.pdf -> /media/ayoub/data/private/phone_backups/documents/2022/SNCF - Itinerary receipt AYOUB EL MOUKHTAFI - 02-04-2022.pdf
2025-05-29 21:45:15 - Using EXIF CreateDate (2022) for ./documents/1970/SNCF - Itinerary receipt AYOUB EL MOUKHTAFI - 29-03-2022.pdf
2025-05-29 21:45:15 - Moved: ./documents/1970/SNCF - Itinerary receipt AYOUB EL MOUKHTAFI - 29-03-2022.pdf -> /media/ayoub/data/private/phone_backups/documents/2022/SNCF - Itinerary receipt AYOUB EL MOUKHTAFI - 29-03-2022.pdf
2025-05-29 21:45:15 - Using EXIF CreateDate (2022) for ./documents/1970/justificatif_paiement_avis_FPS_21920007800216221153003062.pdf
2025-05-29 21:45:15 - Moved: ./documents/1970/justificatif_paiement_avis_FPS_21920007800216221153003062.pdf -> /media/ayoub/data/private/phone_backups/documents/2022/justificatif_paiement_avis_FPS_21920007800216221153003062.pdf
2025-05-29 21:45:15 - Using EXIF CreateDate (2022) for ./documents/1970/justificatif_paiement_avis_FPS_21920007800216221160003043.pdf
2025-05-29 21:45:16 - Moved: ./documents/1970/justificatif_paiement_avis_FPS_21920007800216221160003043.pdf -> /media/ayoub/data/private/phone_backups/documents/2022/justificatif_paiement_avis_FPS_21920007800216221160003043.pdf
2025-05-29 21:45:16 - Using EXIF CreateDate (2024) for ./documents/1970/Justificatif_Visale_En_Attente.pdf
2025-05-29 21:45:16 - Moved: ./documents/1970/Justificatif_Visale_En_Attente.pdf -> /media/ayoub/data/private/phone_backups/documents/2024/Justificatif_Visale_En_Attente.pdf
2025-05-29 21:45:16 - Using EXIF CreateDate (2023) for ./documents/1970/Keycloak.pptx
2025-05-29 21:45:16 - Moved: ./documents/1970/Keycloak.pptx -> /media/ayoub/data/private/phone_backups/documents/2023/Keycloak.pptx
2025-05-29 21:45:17 - Using EXIF CreateDate (2013) for ./documents/1970/l Art de se gacher la vie.pdf
2025-05-29 21:45:17 - Moved: ./documents/1970/l Art de se gacher la vie.pdf -> /media/ayoub/data/private/phone_backups/documents/2013/l Art de se gacher la vie.pdf
2025-05-29 21:45:17 - Using EXIF CreateDate (2013) for ./documents/1970/la-modalisation.pdf
2025-05-29 21:45:17 - Moved: ./documents/1970/la-modalisation.pdf -> /media/ayoub/data/private/phone_backups/documents/2013/la-modalisation.pdf
2025-05-29 21:45:18 - Using EXIF CreateDate (0000) for ./documents/1970/la-modalitc3a9.pdf
2025-05-29 21:45:18 - Moved: ./documents/1970/la-modalitc3a9.pdf -> /media/ayoub/data/private/phone_backups/documents/0000/la-modalitc3a9.pdf
2025-05-29 21:45:18 - Using EXIF CreateDate (2008) for ./documents/1970/La_Journee_de_Cotation.pdf
2025-05-29 21:45:18 - Created year directory: /media/ayoub/data/private/phone_backups/documents/2008
2025-05-29 21:45:18 - Error moving: ./documents/1970/La_Journee_de_Cotation.pdf
2025-05-29 21:45:18 - Using EXIF CreateDate (2015) for ./documents/1970/la_modalisation.pdf
2025-05-29 21:45:18 - Moved: ./documents/1970/la_modalisation.pdf -> /media/ayoub/data/private/phone_backups/documents/2015/la_modalisation.pdf
2025-05-29 21:45:19 - Using EXIF CreateDate (2008) for ./documents/1970/le cahier de jeux desprit et de logique.pdf
2025-05-29 21:45:19 - Moved: ./documents/1970/le cahier de jeux desprit et de logique.pdf -> /media/ayoub/data/private/phone_backups/documents/2008/le cahier de jeux desprit et de logique.pdf
2025-05-29 21:45:19 - Using EXIF CreateDate (2014) for ./documents/1970/Les Gens Heureux Lisent Et Boiv - Agnes Martin-Lugand.pdf
2025-05-29 21:45:19 - Moved: ./documents/1970/Les Gens Heureux Lisent Et Boiv - Agnes Martin-Lugand.pdf -> /media/ayoub/data/private/phone_backups/documents/2014/Les Gens Heureux Lisent Et Boiv - Agnes Martin-Lugand.pdf
2025-05-29 21:45:20 - Using EXIF CreateDate (2011) for ./documents/1970/Les jardins du Roi - Fatéma Oufkir.pdf
2025-05-29 21:45:20 - Moved: ./documents/1970/Les jardins du Roi - Fatéma Oufkir.pdf -> /media/ayoub/data/private/phone_backups/documents/2011/Les jardins du Roi - Fatéma Oufkir.pdf
2025-05-29 21:45:20 - Using EXIF CreateDate (2010) for ./documents/1970/les mots-sartre.pdf
2025-05-29 21:45:20 - Moved: ./documents/1970/les mots-sartre.pdf -> /media/ayoub/data/private/phone_backups/documents/2010/les mots-sartre.pdf
2025-05-29 21:45:20 - Using EXIF CreateDate (2020) for ./documents/1970/Lettre.pdf
2025-05-29 21:45:20 - Moved: ./documents/1970/Lettre.pdf -> /media/ayoub/data/private/phone_backups/documents/2020/Lettre.pdf
2025-05-29 21:45:21 - Using EXIF CreateDate (2010) for ./documents/1970/Lintelligence emotionel. Coment transfo - Daniel Goleman.pdf
2025-05-29 21:45:21 - Moved: ./documents/1970/Lintelligence emotionel. Coment transfo - Daniel Goleman.pdf -> /media/ayoub/data/private/phone_backups/documents/2010/Lintelligence emotionel. Coment transfo - Daniel Goleman.pdf
2025-05-29 21:45:21 - Using EXIF CreateDate (2009) for ./documents/1970/Linux-101-Hacks.pdf
2025-05-29 21:45:21 - Created year directory: /media/ayoub/data/private/phone_backups/documents/2009
2025-05-29 21:45:21 - Error moving: ./documents/1970/Linux-101-Hacks.pdf
2025-05-29 21:45:21 - Using EXIF CreateDate (0000) for ./documents/1970/listeVoeux_2457414340.pdf
2025-05-29 21:45:22 - Moved: ./documents/1970/listeVoeux_2457414340.pdf -> /media/ayoub/data/private/phone_backups/documents/0000/listeVoeux_2457414340.pdf
2025-05-29 21:45:22 - Using EXIF CreateDate (2022) for ./documents/1970/Liste_AM_dispo_Bagneux_8_mars_2022_1.pdf
2025-05-29 21:45:22 - Moved: ./documents/1970/Liste_AM_dispo_Bagneux_8_mars_2022_1.pdf -> /media/ayoub/data/private/phone_backups/documents/2022/Liste_AM_dispo_Bagneux_8_mars_2022_1.pdf
2025-05-29 21:45:22 - Using EXIF CreateDate (2019) for ./documents/1970/Liste_Att_Pedag_2_1 -2017_Choix.pdf
2025-05-29 21:45:22 - Moved: ./documents/1970/Liste_Att_Pedag_2_1 -2017_Choix.pdf -> /media/ayoub/data/private/phone_backups/documents/2019/Liste_Att_Pedag_2_1 -2017_Choix.pdf
2025-05-29 21:45:23 - Using EXIF CreateDate (0000) for ./documents/1970/4ea0eadd8cd7cf02e6d750719d8d71421eccd1e8e497b8242ac379009ba476eb.pdf
2025-05-29 21:45:23 - Moved: ./documents/1970/4ea0eadd8cd7cf02e6d750719d8d71421eccd1e8e497b8242ac379009ba476eb.pdf -> /media/ayoub/data/private/phone_backups/documents/0000/4ea0eadd8cd7cf02e6d750719d8d71421eccd1e8e497b8242ac379009ba476eb.pdf
2025-05-29 21:45:24 - Using EXIF CreateDate (2011) for ./documents/1970/5 A Dance With Dragons.pdf
2025-05-29 21:45:24 - Moved: ./documents/1970/5 A Dance With Dragons.pdf -> /media/ayoub/data/private/phone_backups/documents/2011/5 A Dance With Dragons.pdf
2025-05-29 21:45:24 - Using EXIF CreateDate (2013) for ./documents/1970/5+APS-EtudiantMaster.pdf
2025-05-29 21:45:24 - Moved: ./documents/1970/5+APS-EtudiantMaster.pdf -> /media/ayoub/data/private/phone_backups/documents/2013/5+APS-EtudiantMaster.pdf
2025-05-29 21:45:24 - Using EXIF CreateDate (2010) for ./documents/1970/623db16a-f6fe-4b94-bb3a-fdb0c8bdaae8.pdf
2025-05-29 21:45:25 - Moved: ./documents/1970/623db16a-f6fe-4b94-bb3a-fdb0c8bdaae8.pdf -> /media/ayoub/data/private/phone_backups/documents/2010/623db16a-f6fe-4b94-bb3a-fdb0c8bdaae8.pdf
2025-05-29 21:45:25 - Using EXIF CreateDate (2023) for ./documents/1970/87000833851486_ARN.pdf
2025-05-29 21:45:25 - Moved: ./documents/1970/87000833851486_ARN.pdf -> /media/ayoub/data/private/phone_backups/documents/2023/87000833851486_ARN.pdf
2025-05-29 21:45:25 - Using EXIF CreateDate (2022) for ./documents/1970/9470c297-5abb-4280-8d36-fdde1c57088f.pdf
2025-05-29 21:45:25 - Moved: ./documents/1970/9470c297-5abb-4280-8d36-fdde1c57088f.pdf -> /media/ayoub/data/private/phone_backups/documents/2022/9470c297-5abb-4280-8d36-fdde1c57088f.pdf
2025-05-29 21:45:25 - Using EXIF CreateDate (2023) for ./documents/1970/accuse-enregistrement-dces.pdf
2025-05-29 21:45:26 - Moved: ./documents/1970/accuse-enregistrement-dces.pdf -> /media/ayoub/data/private/phone_backups/documents/2023/accuse-enregistrement-dces.pdf
2025-05-29 21:45:26 - Using file modification date (1970) for ./documents/1970/Act de Mariage.pdf (no EXIF date)
2025-05-29 21:45:26 - Moved: ./documents/1970/Act de Mariage.pdf -> /media/ayoub/data/private/phone_backups/documents/1970/Act de Mariage.pdf
2025-05-29 21:45:26 - Using EXIF CreateDate (2024) for ./documents/1970/Acte de cautionnement 2024.2025-20240814-111950.100_44 (1) (1).pdf
2025-05-29 21:45:26 - Moved: ./documents/1970/Acte de cautionnement 2024.2025-20240814-111950.100_44 (1) (1).pdf -> /media/ayoub/data/private/phone_backups/documents/2024/Acte de cautionnement 2024.2025-20240814-111950.100_44 (1) (1).pdf
2025-05-29 21:45:27 - Using file modification date (1970) for ./documents/1970/acte-mariage.pdf (no EXIF date)
2025-05-29 21:45:27 - Moved: ./documents/1970/acte-mariage.pdf -> /media/ayoub/data/private/phone_backups/documents/1970/acte-mariage.pdf
2025-05-29 21:45:27 - Using EXIF CreateDate (0000) for ./documents/1970/Actualisation 03 2024.pdf
2025-05-29 21:45:27 - Moved: ./documents/1970/Actualisation 03 2024.pdf -> /media/ayoub/data/private/phone_backups/documents/0000/Actualisation 03 2024.pdf
2025-05-29 21:45:28 - Using EXIF CreateDate (0000) for ./documents/1970/Actualisation 04 2024.pdf
2025-05-29 21:45:28 - Moved: ./documents/1970/Actualisation 04 2024.pdf -> /media/ayoub/data/private/phone_backups/documents/0000/Actualisation 04 2024.pdf
2025-05-29 21:45:28 - Using EXIF CreateDate (0000) for ./documents/1970/Actualisation 12 2023.pdf
2025-05-29 21:45:28 - Moved: ./documents/1970/Actualisation 12 2023.pdf -> /media/ayoub/data/private/phone_backups/documents/0000/Actualisation 12 2023.pdf
2025-05-29 21:45:29 - Using EXIF CreateDate (2022) for ./documents/1970/AE.pdf
2025-05-29 21:45:29 - Moved: ./documents/1970/AE.pdf -> /media/ayoub/data/private/phone_backups/documents/2022/AE.pdf
2025-05-29 21:45:29 - Using EXIF CreateDate (2023) for ./documents/1970/AET_43131411_EX-751-RH_80407364.pdf
2025-05-29 21:45:29 - Moved: ./documents/1970/AET_43131411_EX-751-RH_80407364.pdf -> /media/ayoub/data/private/phone_backups/documents/2023/AET_43131411_EX-751-RH_80407364.pdf
2025-05-29 21:45:29 - Using EXIF CreateDate (2022) for ./documents/1970/agotnes-foam-mattress-firm-light-blue__AA-2369518-1-101.pdf
2025-05-29 21:45:29 - Moved: ./documents/1970/agotnes-foam-mattress-firm-light-blue__AA-2369518-1-101.pdf -> /media/ayoub/data/private/phone_backups/documents/2022/agotnes-foam-mattress-firm-light-blue__AA-2369518-1-101.pdf
2025-05-29 21:45:30 - Using EXIF CreateDate (2018) for ./documents/1970/Piscine_Bagneux_sept_2018.pdf
2025-05-29 21:45:30 - Moved: ./documents/1970/Piscine_Bagneux_sept_2018.pdf -> /media/ayoub/data/private/phone_backups/documents/2018/Piscine_Bagneux_sept_2018.pdf
2025-05-29 21:45:30 - Using EXIF CreateDate (2022) for ./documents/1970/plan autorisé.pdf
2025-05-29 21:45:30 - Moved: ./documents/1970/plan autorisé.pdf -> /media/ayoub/data/private/phone_backups/documents/2022/plan autorisé.pdf
2025-05-29 21:45:30 - Using EXIF CreateDate (2022) for ./documents/1970/Planning (2).pdf
2025-05-29 21:45:30 - Moved: ./documents/1970/Planning (2).pdf -> /media/ayoub/data/private/phone_backups/documents/2022/Planning (2).pdf
2025-05-29 21:45:31 - Using EXIF CreateDate (2022) for ./documents/1970/Pragmatic Python Programming.pdf
2025-05-29 21:45:31 - Moved: ./documents/1970/Pragmatic Python Programming.pdf -> /media/ayoub/data/private/phone_backups/documents/2022/Pragmatic Python Programming.pdf
2025-05-29 21:45:31 - Using EXIF CreateDate (2021) for ./documents/1970/Prestation de Network automation & DevOps Expert - ingénieur sécurité.docx
2025-05-29 21:45:31 - Moved: ./documents/1970/Prestation de Network automation & DevOps Expert - ingénieur sécurité.docx -> /media/ayoub/data/private/phone_backups/documents/2021/Prestation de Network automation & DevOps Expert - ingénieur sécurité.docx
2025-05-29 21:45:31 - Using EXIF CreateDate (2022) for ./documents/1970/preuve_de_depot_lr-3P00082987831.pdf
2025-05-29 21:45:32 - Moved: ./documents/1970/preuve_de_depot_lr-3P00082987831.pdf -> /media/ayoub/data/private/phone_backups/documents/2022/preuve_de_depot_lr-3P00082987831.pdf
2025-05-29 21:45:32 - Using EXIF CreateDate (2019) for ./documents/1970/Présentation Appli.pptx
2025-05-29 21:45:32 - Moved: ./documents/1970/Présentation Appli.pptx -> /media/ayoub/data/private/phone_backups/documents/2019/Présentation Appli.pptx
2025-05-29 21:45:32 - Using EXIF CreateDate (2023) for ./documents/1970/produit_3000636_prix_public_ttc.pdf
2025-05-29 21:45:32 - Moved: ./documents/1970/produit_3000636_prix_public_ttc.pdf -> /media/ayoub/data/private/phone_backups/documents/2023/produit_3000636_prix_public_ttc.pdf
2025-05-29 21:45:33 - Using EXIF CreateDate (2023) for ./documents/1970/produit_6442428_prix_public_ttc.pdf
2025-05-29 21:45:33 - Moved: ./documents/1970/produit_6442428_prix_public_ttc.pdf -> /media/ayoub/data/private/phone_backups/documents/2023/produit_6442428_prix_public_ttc.pdf
2025-05-29 21:45:33 - Using EXIF CreateDate (2024) for ./documents/1970/programme_informatique_universit.pdf
2025-05-29 21:45:33 - Moved: ./documents/1970/programme_informatique_universit.pdf -> /media/ayoub/data/private/phone_backups/documents/2024/programme_informatique_universit.pdf
2025-05-29 21:45:34 - Using EXIF CreateDate (2023) for ./documents/1970/Présentation Carrefour des Postes à  pourvoir.docx
2025-05-29 21:45:34 - Moved: ./documents/1970/Présentation Carrefour des Postes à  pourvoir.docx -> /media/ayoub/data/private/phone_backups/documents/2023/Présentation Carrefour des Postes à  pourvoir.docx
2025-05-29 21:45:34 - Using EXIF CreateDate (2024) for ./documents/1970/pv_non_rem_24.pdf
2025-05-29 21:45:34 - Moved: ./documents/1970/pv_non_rem_24.pdf -> /media/ayoub/data/private/phone_backups/documents/2024/pv_non_rem_24.pdf
2025-05-29 21:45:34 - Using EXIF CreateDate (2022) for ./documents/1970/Python Challenges.pdf
2025-05-29 21:45:34 - Moved: ./documents/1970/Python Challenges.pdf -> /media/ayoub/data/private/phone_backups/documents/2022/Python Challenges.pdf
2025-05-29 21:45:35 - Using EXIF CreateDate (0000) for ./documents/1970/python-cheat-sheet-v1.pdf
2025-05-29 21:45:35 - Moved: ./documents/1970/python-cheat-sheet-v1.pdf -> /media/ayoub/data/private/phone_backups/documents/0000/python-cheat-sheet-v1.pdf
2025-05-29 21:45:35 - Using EXIF CreateDate (2007) for ./documents/1970/PYTHON.PDF
2025-05-29 21:45:35 - Created year directory: /media/ayoub/data/private/phone_backups/documents/2007
2025-05-29 21:45:35 - Error moving: ./documents/1970/PYTHON.PDF
2025-05-29 21:45:36 - Using EXIF CreateDate (0000) for ./documents/1970/Questionnaire.docx
2025-05-29 21:45:36 - Moved: ./documents/1970/Questionnaire.docx -> /media/ayoub/data/private/phone_backups/documents/0000/Questionnaire.docx
2025-05-29 21:45:36 - Using EXIF CreateDate (2023) for ./documents/1970/Questionnaire_1.docx
2025-05-29 21:45:36 - Moved: ./documents/1970/Questionnaire_1.docx -> /media/ayoub/data/private/phone_backups/documents/2023/Questionnaire_1.docx
2025-05-29 21:45:36 - Using EXIF CreateDate (2023) for ./documents/1970/rapport Autoviza.pdf
2025-05-29 21:45:37 - Moved: ./documents/1970/rapport Autoviza.pdf -> /media/ayoub/data/private/phone_backups/documents/2023/rapport Autoviza.pdf
2025-05-29 21:45:37 - Using EXIF CreateDate (2021) for ./documents/1970/rapport_dosage_vitamine_b1_vd.pdf
2025-05-29 21:45:37 - Moved: ./documents/1970/rapport_dosage_vitamine_b1_vd.pdf -> /media/ayoub/data/private/phone_backups/documents/2021/rapport_dosage_vitamine_b1_vd.pdf
2025-05-29 21:45:37 - Using EXIF CreateDate (2024) for ./documents/1970/Rapport_Stage_2A_V_15-09.pdf
2025-05-29 21:45:37 - Moved: ./documents/1970/Rapport_Stage_2A_V_15-09.pdf -> /media/ayoub/data/private/phone_backups/documents/2024/Rapport_Stage_2A_V_15-09.pdf
2025-05-29 21:45:38 - Using EXIF CreateDate (0000) for ./documents/1970/RecapitulatifAchat (1).pdf
2025-05-29 21:45:38 - Moved: ./documents/1970/RecapitulatifAchat (1).pdf -> /media/ayoub/data/private/phone_backups/documents/0000/RecapitulatifAchat (1).pdf
2025-05-29 21:45:38 - Using EXIF CreateDate (2022) for ./documents/1970/SNCF - Itinerary receipt NTISSAR EL MOUKHTAFI - 02-04-2022-2.pdf
2025-05-29 21:45:38 - Moved: ./documents/1970/SNCF - Itinerary receipt NTISSAR EL MOUKHTAFI - 02-04-2022-2.pdf -> /media/ayoub/data/private/phone_backups/documents/2022/SNCF - Itinerary receipt NTISSAR EL MOUKHTAFI - 02-04-2022-2.pdf
2025-05-29 21:45:39 - Using EXIF CreateDate (2022) for ./documents/1970/SNCF - Itinerary receipt NTISSAR EL MOUKHTAFI - 02-04-2022.pdf
2025-05-29 21:45:39 - Moved: ./documents/1970/SNCF - Itinerary receipt NTISSAR EL MOUKHTAFI - 02-04-2022.pdf -> /media/ayoub/data/private/phone_backups/documents/2022/SNCF - Itinerary receipt NTISSAR EL MOUKHTAFI - 02-04-2022.pdf
2025-05-29 21:45:39 - Using EXIF CreateDate (2022) for ./documents/1970/SNCF - Itinerary receipt NTISSAR EL MOUKHTAFI - 29-03-2022.pdf
2025-05-29 21:45:39 - Moved: ./documents/1970/SNCF - Itinerary receipt NTISSAR EL MOUKHTAFI - 29-03-2022.pdf -> /media/ayoub/data/private/phone_backups/documents/2022/SNCF - Itinerary receipt NTISSAR EL MOUKHTAFI - 29-03-2022.pdf
2025-05-29 21:45:39 - Using EXIF CreateDate (2022) for ./documents/1970/Solde de tout compte ELMOUKHTAFI Ayoub.PDF
2025-05-29 21:45:39 - Moved: ./documents/1970/Solde de tout compte ELMOUKHTAFI Ayoub.PDF -> /media/ayoub/data/private/phone_backups/documents/2022/Solde de tout compte ELMOUKHTAFI Ayoub.PDF
2025-05-29 21:45:40 - Using EXIF CreateDate (2022) for ./documents/1970/sous-sol.pdf
2025-05-29 21:45:40 - Moved: ./documents/1970/sous-sol.pdf -> /media/ayoub/data/private/phone_backups/documents/2022/sous-sol.pdf
2025-05-29 21:45:40 - Using EXIF CreateDate (2010) for ./documents/1970/Stendhal-chartreuse.pdf
2025-05-29 21:45:40 - Moved: ./documents/1970/Stendhal-chartreuse.pdf -> /media/ayoub/data/private/phone_backups/documents/2010/Stendhal-chartreuse.pdf
2025-05-29 21:45:41 - Using EXIF CreateDate (2023) for ./documents/1970/Suite cours Hadith 91 et 92.pdf
2025-05-29 21:45:41 - Moved: ./documents/1970/Suite cours Hadith 91 et 92.pdf -> /media/ayoub/data/private/phone_backups/documents/2023/Suite cours Hadith 91 et 92.pdf
2025-05-29 21:45:41 - Using EXIF CreateDate (2023) for ./documents/1970/Suite du cours Cheikh Abdelrazaq Hadith 92.pdf
2025-05-29 21:45:41 - Moved: ./documents/1970/Suite du cours Cheikh Abdelrazaq Hadith 92.pdf -> /media/ayoub/data/private/phone_backups/documents/2023/Suite du cours Cheikh Abdelrazaq Hadith 92.pdf
2025-05-29 21:45:41 - Using EXIF CreateDate (2020) for ./documents/1970/S_ance_5_modalisation.pdf
2025-05-29 21:45:41 - Moved: ./documents/1970/S_ance_5_modalisation.pdf -> /media/ayoub/data/private/phone_backups/documents/2020/S_ance_5_modalisation.pdf
2025-05-29 21:45:42 - Using EXIF CreateDate (0000) for ./documents/1970/TapScanner 21-07-2022-18꞉11.pdf
2025-05-29 21:45:42 - Moved: ./documents/1970/TapScanner 21-07-2022-18꞉11.pdf -> /media/ayoub/data/private/phone_backups/documents/0000/TapScanner 21-07-2022-18꞉11.pdf
2025-05-29 21:45:42 - Using EXIF CreateDate (2023) for ./documents/1970/The-Future-of-API-Management-7-Trends.pdf
2025-05-29 21:45:42 - Moved: ./documents/1970/The-Future-of-API-Management-7-Trends.pdf -> /media/ayoub/data/private/phone_backups/documents/2023/The-Future-of-API-Management-7-Trends.pdf
2025-05-29 21:45:43 - Using EXIF CreateDate (0000) for ./documents/1970/ticket-PAYFIP0000000062126760.pdf
2025-05-29 21:45:43 - Moved: ./documents/1970/ticket-PAYFIP0000000062126760.pdf -> /media/ayoub/data/private/phone_backups/documents/0000/ticket-PAYFIP0000000062126760.pdf
2025-05-29 21:45:43 - Using EXIF CreateDate (2023) for ./documents/1970/cours hadith 91 et le 92.pdf
2025-05-29 21:45:43 - Moved: ./documents/1970/cours hadith 91 et le 92.pdf -> /media/ayoub/data/private/phone_backups/documents/2023/cours hadith 91 et le 92.pdf
2025-05-29 21:45:43 - Using EXIF CreateDate (2022) for ./documents/1970/Cours M5_Déterminer une loi entrée-sortie.pdf
2025-05-29 21:45:44 - Moved: ./documents/1970/Cours M5_Déterminer une loi entrée-sortie.pdf -> /media/ayoub/data/private/phone_backups/documents/2022/Cours M5_Déterminer une loi entrée-sortie.pdf
2025-05-29 21:45:44 - Using EXIF CreateDate (2023) for ./documents/1970/CV Abid El Mehdi (8).pdf
2025-05-29 21:45:44 - Moved: ./documents/1970/CV Abid El Mehdi (8).pdf -> /media/ayoub/data/private/phone_backups/documents/2023/CV Abid El Mehdi (8).pdf
2025-05-29 21:45:44 - Using EXIF CreateDate (0000) for ./documents/1970/CV Abid El Mehdi-1_240503_163510.pdf
2025-05-29 21:45:44 - Moved: ./documents/1970/CV Abid El Mehdi-1_240503_163510.pdf -> /media/ayoub/data/private/phone_backups/documents/0000/CV Abid El Mehdi-1_240503_163510.pdf
2025-05-29 21:45:44 - Using EXIF CreateDate (2022) for ./documents/1970/CV N El moukhtafi -fr -Pdf.pdf
2025-05-29 21:45:45 - Moved: ./documents/1970/CV N El moukhtafi -fr -Pdf.pdf -> /media/ayoub/data/private/phone_backups/documents/2022/CV N El moukhtafi -fr -Pdf.pdf
2025-05-29 21:45:45 - Using EXIF CreateDate (2021) for ./documents/1970/CV RAYOUDE Youssef - Admin IT Réseaux Systèmes et Sécurité.pdf
2025-05-29 21:45:45 - Moved: ./documents/1970/CV RAYOUDE Youssef - Admin IT Réseaux Systèmes et Sécurité.pdf -> /media/ayoub/data/private/phone_backups/documents/2021/CV RAYOUDE Youssef - Admin IT Réseaux Systèmes et Sécurité.pdf
2025-05-29 21:45:45 - Using EXIF CreateDate (2024) for ./documents/1970/Cv yassine lharri.pdf
2025-05-29 21:45:45 - Moved: ./documents/1970/Cv yassine lharri.pdf -> /media/ayoub/data/private/phone_backups/documents/2024/Cv yassine lharri.pdf
2025-05-29 21:45:45 - Using EXIF CreateDate (2021) for ./documents/1970/CV.pdf
2025-05-29 21:45:46 - Moved: ./documents/1970/CV.pdf -> /media/ayoub/data/private/phone_backups/documents/2021/CV.pdf
2025-05-29 21:45:46 - Using EXIF CreateDate (2024) for ./documents/1970/CV_ingenieur_reseau_iELmoukhtafi.pdf
2025-05-29 21:45:46 - Moved: ./documents/1970/CV_ingenieur_reseau_iELmoukhtafi.pdf -> /media/ayoub/data/private/phone_backups/documents/2024/CV_ingenieur_reseau_iELmoukhtafi.pdf
2025-05-29 21:45:46 - Using EXIF CreateDate (2020) for ./documents/1970/CV_niss.pdf
2025-05-29 21:45:46 - Moved: ./documents/1970/CV_niss.pdf -> /media/ayoub/data/private/phone_backups/documents/2020/CV_niss.pdf
2025-05-29 21:45:47 - Using EXIF CreateDate (2022) for ./documents/1970/d64fb83a-e1f7-4167-9040-8851a63d6164.pdf
2025-05-29 21:45:47 - Moved: ./documents/1970/d64fb83a-e1f7-4167-9040-8851a63d6164.pdf -> /media/ayoub/data/private/phone_backups/documents/2022/d64fb83a-e1f7-4167-9040-8851a63d6164.pdf
2025-05-29 21:45:47 - Using EXIF CreateDate (2022) for ./documents/1970/decision de lotissement.pdf
2025-05-29 21:45:47 - Moved: ./documents/1970/decision de lotissement.pdf -> /media/ayoub/data/private/phone_backups/documents/2022/decision de lotissement.pdf
2025-05-29 21:45:47 - Using EXIF CreateDate (2022) for ./documents/1970/Declaration_en_ligne_des_revenus_2021_le_08_06_2022_a_15_41_.pdf
2025-05-29 21:45:48 - Moved: ./documents/1970/Declaration_en_ligne_des_revenus_2021_le_08_06_2022_a_15_41_.pdf -> /media/ayoub/data/private/phone_backups/documents/2022/Declaration_en_ligne_des_revenus_2021_le_08_06_2022_a_15_41_.pdf
2025-05-29 21:45:48 - Using EXIF CreateDate (2022) for ./documents/1970/Avis_d_impot_2022_sur_les_revenus_2021.pdf
2025-05-29 21:45:48 - Moved: ./documents/1970/Avis_d_impot_2022_sur_les_revenus_2021.pdf -> /media/ayoub/data/private/phone_backups/documents/2022/Avis_d_impot_2022_sur_les_revenus_2021.pdf
2025-05-29 21:45:48 - Using EXIF CreateDate (2020) for ./documents/1970/AXSCA00181.pdf
2025-05-29 21:45:48 - Moved: ./documents/1970/AXSCA00181.pdf -> /media/ayoub/data/private/phone_backups/documents/2020/AXSCA00181.pdf
2025-05-29 21:45:49 - Using EXIF CreateDate (0000) for ./documents/1970/AYOUB EL MOUKHTAFI.pdf
2025-05-29 21:45:49 - Moved: ./documents/1970/AYOUB EL MOUKHTAFI.pdf -> /media/ayoub/data/private/phone_backups/documents/0000/AYOUB EL MOUKHTAFI.pdf
2025-05-29 21:45:49 - Using EXIF CreateDate (2022) for ./documents/1970/BENOUDA_FATNA_2ddocNeg.pdf
2025-05-29 21:45:49 - Moved: ./documents/1970/BENOUDA_FATNA_2ddocNeg.pdf -> /media/ayoub/data/private/phone_backups/documents/2022/BENOUDA_FATNA_2ddocNeg.pdf
2025-05-29 21:45:50 - Using EXIF CreateDate (2023) for ./documents/1970/Bienfaits du miel de soumour du Yémen.pdf
2025-05-29 21:45:50 - Moved: ./documents/1970/Bienfaits du miel de soumour du Yémen.pdf -> /media/ayoub/data/private/phone_backups/documents/2023/Bienfaits du miel de soumour du Yémen.pdf
2025-05-29 21:45:50 - Using EXIF CreateDate (2020) for ./documents/1970/BIO20200720_C00720c0143_MESANALYSES.pdf
2025-05-29 21:45:50 - Moved: ./documents/1970/BIO20200720_C00720c0143_MESANALYSES.pdf -> /media/ayoub/data/private/phone_backups/documents/2020/BIO20200720_C00720c0143_MESANALYSES.pdf
2025-05-29 21:45:50 - Using EXIF CreateDate (2020) for ./documents/1970/BIO20200720_C00720c0145_MESANALYSES.pdf
2025-05-29 21:45:50 - Moved: ./documents/1970/BIO20200720_C00720c0145_MESANALYSES.pdf -> /media/ayoub/data/private/phone_backups/documents/2020/BIO20200720_C00720c0145_MESANALYSES.pdf
2025-05-29 21:45:51 - Using EXIF CreateDate (2015) for ./documents/1970/BoardingPass.pdf
2025-05-29 21:45:51 - Moved: ./documents/1970/BoardingPass.pdf -> /media/ayoub/data/private/phone_backups/documents/2015/BoardingPass.pdf
2025-05-29 21:45:51 - Using EXIF CreateDate (2018) for ./documents/1970/boardingPass.pdf
2025-05-29 21:45:51 - Moved: ./documents/1970/boardingPass.pdf -> /media/ayoub/data/private/phone_backups/documents/2018/boardingPass.pdf
2025-05-29 21:45:51 - Using EXIF CreateDate (2024) for ./documents/1970/boardingPass_1.pdf
2025-05-29 21:45:51 - Moved: ./documents/1970/boardingPass_1.pdf -> /media/ayoub/data/private/phone_backups/documents/2024/boardingPass_1.pdf
2025-05-29 21:45:52 - Using EXIF CreateDate (2022) for ./documents/1970/Bordereau_de_paiement.pdf
2025-05-29 21:45:52 - Moved: ./documents/1970/Bordereau_de_paiement.pdf -> /media/ayoub/data/private/phone_backups/documents/2022/Bordereau_de_paiement.pdf
2025-05-29 21:45:52 - Using EXIF CreateDate (2018) for ./documents/1970/bpass.pdf
2025-05-29 21:45:52 - Moved: ./documents/1970/bpass.pdf -> /media/ayoub/data/private/phone_backups/documents/2018/bpass.pdf
2025-05-29 21:45:52 - Using EXIF CreateDate (2021) for ./documents/1970/brimnes-day-bed-frame-with-2-drawers-white__AA-2180177-2-2 (1).pdf
2025-05-29 21:45:52 - Moved: ./documents/1970/brimnes-day-bed-frame-with-2-drawers-white__AA-2180177-2-2 (1).pdf -> /media/ayoub/data/private/phone_backups/documents/2021/brimnes-day-bed-frame-with-2-drawers-white__AA-2180177-2-2 (1).pdf
2025-05-29 21:45:53 - Using EXIF CreateDate (2022) for ./documents/1970/brimnes-daybed-frame-with-2-drawers-white__AA-1086559-13-100.pdf
2025-05-29 21:45:53 - Moved: ./documents/1970/brimnes-daybed-frame-with-2-drawers-white__AA-1086559-13-100.pdf -> /media/ayoub/data/private/phone_backups/documents/2022/brimnes-daybed-frame-with-2-drawers-white__AA-1086559-13-100.pdf
2025-05-29 21:45:53 - Using EXIF CreateDate (2019) for ./documents/1970/brimnes-lit-banquette-2-places-structure-blanc__AA-510318-21-2 (1).pdf
2025-05-29 21:45:53 - Moved: ./documents/1970/brimnes-lit-banquette-2-places-structure-blanc__AA-510318-21-2 (1).pdf -> /media/ayoub/data/private/phone_backups/documents/2019/brimnes-lit-banquette-2-places-structure-blanc__AA-510318-21-2 (1).pdf
2025-05-29 21:45:53 - Using EXIF CreateDate (2019) for ./documents/1970/brochure_pelerinage_la_mecque_aout_2019_def_cle8f9635.pdf
2025-05-29 21:45:53 - Moved: ./documents/1970/brochure_pelerinage_la_mecque_aout_2019_def_cle8f9635.pdf -> /media/ayoub/data/private/phone_backups/documents/2019/brochure_pelerinage_la_mecque_aout_2019_def_cle8f9635.pdf
2025-05-29 21:45:54 - Using EXIF CreateDate (2022) for ./documents/1970/Bulletins de salaire 03 2022 ELMOUKHTAFI.PDF
2025-05-29 21:45:54 - Moved: ./documents/1970/Bulletins de salaire 03 2022 ELMOUKHTAFI.PDF -> /media/ayoub/data/private/phone_backups/documents/2022/Bulletins de salaire 03 2022 ELMOUKHTAFI.PDF
2025-05-29 21:45:54 - Using EXIF CreateDate (2015) for ./documents/1970/bulletin_individuel_ELZEI.pdf
2025-05-29 21:45:54 - Moved: ./documents/1970/bulletin_individuel_ELZEI.pdf -> /media/ayoub/data/private/phone_backups/documents/2015/bulletin_individuel_ELZEI.pdf
2025-05-29 21:45:54 - Using EXIF CreateDate (2019) for ./documents/1970/c458f816-e1b8-416d-ba24-000ee8c7c96b.pdf
2025-05-29 21:45:55 - Moved: ./documents/1970/c458f816-e1b8-416d-ba24-000ee8c7c96b.pdf -> /media/ayoub/data/private/phone_backups/documents/2019/c458f816-e1b8-416d-ba24-000ee8c7c96b.pdf
2025-05-29 21:45:55 - Using file modification date (1970) for ./documents/1970/CamScanner 04-10-2023 13.40.pdf (no EXIF date)
2025-05-29 21:45:55 - Moved: ./documents/1970/CamScanner 04-10-2023 13.40.pdf -> /media/ayoub/data/private/phone_backups/documents/1970/CamScanner 04-10-2023 13.40.pdf
2025-05-29 21:45:55 - Using file modification date (1970) for ./documents/1970/CamScanner 06-21-2022 19.40.pdf (no EXIF date)
2025-05-29 21:45:56 - Moved: ./documents/1970/CamScanner 06-21-2022 19.40.pdf -> /media/ayoub/data/private/phone_backups/documents/1970/CamScanner 06-21-2022 19.40.pdf
2025-05-29 21:45:56 - Using file modification date (1970) for ./documents/1970/CamScanner 13-11-2023 13.32.pdf (no EXIF date)
2025-05-29 21:45:56 - Moved: ./documents/1970/CamScanner 13-11-2023 13.32.pdf -> /media/ayoub/data/private/phone_backups/documents/1970/CamScanner 13-11-2023 13.32.pdf
2025-05-29 21:45:56 - Using EXIF CreateDate (2021) for ./documents/1970/CARTE_AVANTAGE_ADULTE_27-59_ANS_EL_MOUKHTAFI_NTISSAR_280621_17H42_Zkramtu9BWQYnTYOErwj.pdf
2025-05-29 21:45:56 - Moved: ./documents/1970/CARTE_AVANTAGE_ADULTE_27-59_ANS_EL_MOUKHTAFI_NTISSAR_280621_17H42_Zkramtu9BWQYnTYOErwj.pdf -> /media/ayoub/data/private/phone_backups/documents/2021/CARTE_AVANTAGE_ADULTE_27-59_ANS_EL_MOUKHTAFI_NTISSAR_280621_17H42_Zkramtu9BWQYnTYOErwj.pdf
2025-05-29 21:45:57 - Using EXIF CreateDate (2021) for ./documents/1970/Demande-inscription-maternelle-1-real-one.pdf
2025-05-29 21:45:57 - Moved: ./documents/1970/Demande-inscription-maternelle-1-real-one.pdf -> /media/ayoub/data/private/phone_backups/documents/2021/Demande-inscription-maternelle-1-real-one.pdf
2025-05-29 21:45:57 - Using EXIF CreateDate (2020) for ./documents/1970/demande-retraite-reversion.pdf
2025-05-29 21:45:57 - Moved: ./documents/1970/demande-retraite-reversion.pdf -> /media/ayoub/data/private/phone_backups/documents/2020/demande-retraite-reversion.pdf
2025-05-29 21:45:58 - Using EXIF CreateDate (0000) for ./documents/1970/Des trucs essentiels(French).pdf
2025-05-29 21:45:58 - Moved: ./documents/1970/Des trucs essentiels(French).pdf -> /media/ayoub/data/private/phone_backups/documents/0000/Des trucs essentiels(French).pdf
2025-05-29 21:45:58 - Using EXIF CreateDate (2018) for ./documents/1970/DOC-20180411-WA0000.docx
2025-05-29 21:45:58 - Moved: ./documents/1970/DOC-20180411-WA0000.docx -> /media/ayoub/data/private/phone_backups/documents/2018/DOC-20180411-WA0000.docx
2025-05-29 21:45:58 - Using EXIF CreateDate (2018) for ./documents/1970/DOC-20180411-WA0001.pdf
2025-05-29 21:45:59 - Moved: ./documents/1970/DOC-20180411-WA0001.pdf -> /media/ayoub/data/private/phone_backups/documents/2018/DOC-20180411-WA0001.pdf
2025-05-29 21:45:59 - Using EXIF CreateDate (0000) for ./documents/1970/DOC-20180618-WA0001.pdf
2025-05-29 21:45:59 - Moved: ./documents/1970/DOC-20180618-WA0001.pdf -> /media/ayoub/data/private/phone_backups/documents/0000/DOC-20180618-WA0001.pdf
2025-05-29 21:45:59 - Using EXIF CreateDate (2019) for ./documents/1970/DOC-20190427-WA0002.pdf
2025-05-29 21:45:59 - Moved: ./documents/1970/DOC-20190427-WA0002.pdf -> /media/ayoub/data/private/phone_backups/documents/2019/DOC-20190427-WA0002.pdf
2025-05-29 21:46:00 - Using EXIF CreateDate (2019) for ./documents/1970/DOC-20190430-WA0022.pdf
2025-05-29 21:46:00 - Moved: ./documents/1970/DOC-20190430-WA0022.pdf -> /media/ayoub/data/private/phone_backups/documents/2019/DOC-20190430-WA0022.pdf
2025-05-29 21:46:00 - Using EXIF CreateDate (2018) for ./documents/1970/DOC-20190502-WA0051.pdf
2025-05-29 21:46:00 - Moved: ./documents/1970/DOC-20190502-WA0051.pdf -> /media/ayoub/data/private/phone_backups/documents/2018/DOC-20190502-WA0051.pdf
2025-05-29 21:46:00 - Using file modification date (1970) for ./documents/1970/DOC-20190502-WA0052.pdf (no EXIF date)
2025-05-29 21:46:00 - Moved: ./documents/1970/DOC-20190502-WA0052.pdf -> /media/ayoub/data/private/phone_backups/documents/1970/DOC-20190502-WA0052.pdf
2025-05-29 21:46:00 - Using file modification date (1970) for ./documents/1970/DOC-20190506-WA0024.pdf (no EXIF date)
2025-05-29 21:46:01 - Moved: ./documents/1970/DOC-20190506-WA0024.pdf -> /media/ayoub/data/private/phone_backups/documents/1970/DOC-20190506-WA0024.pdf
2025-05-29 21:46:01 - Using EXIF CreateDate (2019) for ./documents/1970/DOC-20190511-WA0001.pdf
2025-05-29 21:46:01 - Moved: ./documents/1970/DOC-20190511-WA0001.pdf -> /media/ayoub/data/private/phone_backups/documents/2019/DOC-20190511-WA0001.pdf
2025-05-29 21:46:01 - Using EXIF CreateDate (2019) for ./documents/1970/DOC-20190529-WA0006.pdf
2025-05-29 21:46:01 - Moved: ./documents/1970/DOC-20190529-WA0006.pdf -> /media/ayoub/data/private/phone_backups/documents/2019/DOC-20190529-WA0006.pdf
2025-05-29 21:46:01 - Using EXIF CreateDate (2019) for ./documents/1970/DOC-20190617-WA0000.pdf
2025-05-29 21:46:02 - Moved: ./documents/1970/DOC-20190617-WA0000.pdf -> /media/ayoub/data/private/phone_backups/documents/2019/DOC-20190617-WA0000.pdf
2025-05-29 21:46:02 - Using EXIF CreateDate (2019) for ./documents/1970/DOC-20190717-WA0002.pdf
2025-05-29 21:46:02 - Moved: ./documents/1970/DOC-20190717-WA0002.pdf -> /media/ayoub/data/private/phone_backups/documents/2019/DOC-20190717-WA0002.pdf
2025-05-29 21:46:02 - Using file modification date (1970) for ./documents/1970/DOC-20190728-WA0000.pdf (no EXIF date)
2025-05-29 21:46:02 - Moved: ./documents/1970/DOC-20190728-WA0000.pdf -> /media/ayoub/data/private/phone_backups/documents/1970/DOC-20190728-WA0000.pdf
2025-05-29 21:46:03 - Using EXIF CreateDate (0000) for ./documents/1970/document-1.pdf
2025-05-29 21:46:03 - Moved: ./documents/1970/document-1.pdf -> /media/ayoub/data/private/phone_backups/documents/0000/document-1.pdf
2025-05-29 21:46:03 - Using EXIF CreateDate (2022) for ./documents/1970/Document.pdf
2025-05-29 21:46:03 - Moved: ./documents/1970/Document.pdf -> /media/ayoub/data/private/phone_backups/documents/2022/Document.pdf
2025-05-29 21:46:04 - Using EXIF CreateDate (0000) for ./documents/1970/document.pdf
2025-05-29 21:46:04 - Moved: ./documents/1970/document.pdf -> /media/ayoub/data/private/phone_backups/documents/0000/document.pdf
2025-05-29 21:46:04 - Using EXIF CreateDate (2022) for ./documents/1970/Document_2022-10-17_202215.pdf
2025-05-29 21:46:04 - Moved: ./documents/1970/Document_2022-10-17_202215.pdf -> /media/ayoub/data/private/phone_backups/documents/2022/Document_2022-10-17_202215.pdf
2025-05-29 21:46:04 - Using EXIF CreateDate (2022) for ./documents/1970/Document_2022-10-17_202215_(1)_Compressed.pdf
2025-05-29 21:46:04 - Moved: ./documents/1970/Document_2022-10-17_202215_(1)_Compressed.pdf -> /media/ayoub/data/private/phone_backups/documents/2022/Document_2022-10-17_202215_(1)_Compressed.pdf
2025-05-29 21:46:05 - Using EXIF CreateDate (2022) for ./documents/1970/Document_2022-10-17_202215_Compressed.pdf
2025-05-29 21:46:05 - Moved: ./documents/1970/Document_2022-10-17_202215_Compressed.pdf -> /media/ayoub/data/private/phone_backups/documents/2022/Document_2022-10-17_202215_Compressed.pdf
2025-05-29 21:46:05 - Using EXIF CreateDate (2018) for ./documents/1970/DroitsDeScolarite1819.pdf
2025-05-29 21:46:05 - Moved: ./documents/1970/DroitsDeScolarite1819.pdf -> /media/ayoub/data/private/phone_backups/documents/2018/DroitsDeScolarite1819.pdf
2025-05-29 21:46:05 - Using EXIF CreateDate (2020) for ./documents/1970/DroitsDeScolarite2021.pdf
2025-05-29 21:46:06 - Moved: ./documents/1970/DroitsDeScolarite2021.pdf -> /media/ayoub/data/private/phone_backups/documents/2020/DroitsDeScolarite2021.pdf
2025-05-29 21:46:06 - Using EXIF CreateDate (2021) for ./documents/1970/DroitsDeScolarite2122 (1).pdf
2025-05-29 21:46:06 - Moved: ./documents/1970/DroitsDeScolarite2122 (1).pdf -> /media/ayoub/data/private/phone_backups/documents/2021/DroitsDeScolarite2122 (1).pdf
2025-05-29 21:46:06 - Using EXIF CreateDate (2022) for ./documents/1970/e7fe6208-7fd0-412a-862a-d1bb2fcf67a2 (1).pdf
2025-05-29 21:46:06 - Moved: ./documents/1970/e7fe6208-7fd0-412a-862a-d1bb2fcf67a2 (1).pdf -> /media/ayoub/data/private/phone_backups/documents/2022/e7fe6208-7fd0-412a-862a-d1bb2fcf67a2 (1).pdf
2025-05-29 21:46:06 - Using EXIF CreateDate (2017) for ./documents/1970/toyota_prius_plaquette.pdf
2025-05-29 21:46:06 - Created year directory: /media/ayoub/data/private/phone_backups/documents/2017
2025-05-29 21:46:06 - Error moving: ./documents/1970/toyota_prius_plaquette.pdf
2025-05-29 21:46:07 - Using EXIF CreateDate (2023) for ./documents/1970/UD27578B-C_Baseline_Smart Hybrid Light Bullet and Turret Camera User Manual_V1.0_20230424.pdf
2025-05-29 21:46:07 - Moved: ./documents/1970/UD27578B-C_Baseline_Smart Hybrid Light Bullet and Turret Camera User Manual_V1.0_20230424.pdf -> /media/ayoub/data/private/phone_backups/documents/2023/UD27578B-C_Baseline_Smart Hybrid Light Bullet and Turret Camera User Manual_V1.0_20230424.pdf
2025-05-29 21:46:07 - Using EXIF CreateDate (2022) for ./documents/1970/villa wissal 4 m3alam mhamad-Model.pdf
2025-05-29 21:46:07 - Moved: ./documents/1970/villa wissal 4 m3alam mhamad-Model.pdf -> /media/ayoub/data/private/phone_backups/documents/2022/villa wissal 4 m3alam mhamad-Model.pdf
2025-05-29 21:46:07 - Using EXIF CreateDate (2006) for ./documents/1970/vm560_fr.pdf
2025-05-29 21:46:07 - Created year directory: /media/ayoub/data/private/phone_backups/documents/2006
2025-05-29 21:46:07 - Error moving: ./documents/1970/vm560_fr.pdf
2025-05-29 21:46:08 - Using EXIF CreateDate (2011) for ./documents/1970/Votre carte d'embarquement pour Paris  - ROYAL AIR MAROC.pdf
2025-05-29 21:46:08 - Moved: ./documents/1970/Votre carte d'embarquement pour Paris  - ROYAL AIR MAROC.pdf -> /media/ayoub/data/private/phone_backups/documents/2011/Votre carte d'embarquement pour Paris  - ROYAL AIR MAROC.pdf
2025-05-29 21:46:08 - Using EXIF CreateDate (2022) for ./documents/1970/WIDE VIEW - Compte principal.pdf
2025-05-29 21:46:08 - Moved: ./documents/1970/WIDE VIEW - Compte principal.pdf -> /media/ayoub/data/private/phone_backups/documents/2022/WIDE VIEW - Compte principal.pdf
2025-05-29 21:46:08 - Using EXIF CreateDate (2011) for ./documents/1970/Your boarding pass to Casablanca - ROYAL AIR MAROC.pdf
2025-05-29 21:46:08 - Moved: ./documents/1970/Your boarding pass to Casablanca - ROYAL AIR MAROC.pdf -> /media/ayoub/data/private/phone_backups/documents/2011/Your boarding pass to Casablanca - ROYAL AIR MAROC.pdf
2025-05-29 21:46:09 - Using EXIF CreateDate (2011) for ./documents/1970/[Dale_Carnegie]_How_to_Develop_Self-Confidence_And.pdf
2025-05-29 21:46:09 - Moved: ./documents/1970/[Dale_Carnegie]_How_to_Develop_Self-Confidence_And.pdf -> /media/ayoub/data/private/phone_backups/documents/2011/[Dale_Carnegie]_How_to_Develop_Self-Confidence_And.pdf
2025-05-29 21:46:09 - Using EXIF CreateDate (2020) for ./documents/1970/أجوبة العاب التركيز.pdf
2025-05-29 21:46:09 - Moved: ./documents/1970/أجوبة العاب التركيز.pdf -> /media/ayoub/data/private/phone_backups/documents/2020/أجوبة العاب التركيز.pdf
2025-05-29 21:46:10 - Using EXIF CreateDate (2020) for ./documents/1970/العاب وألغاز.pdf
2025-05-29 21:46:10 - Moved: ./documents/1970/العاب وألغاز.pdf -> /media/ayoub/data/private/phone_backups/documents/2020/العاب وألغاز.pdf
2025-05-29 21:46:11 - Using EXIF CreateDate (2019) for ./documents/1970/المساعد في اجتياز الامتحان الاقليمي موقع همام التربوي.pdf
2025-05-29 21:46:11 - Moved: ./documents/1970/المساعد في اجتياز الامتحان الاقليمي موقع همام التربوي.pdf -> /media/ayoub/data/private/phone_backups/documents/2019/المساعد في اجتياز الامتحان الاقليمي موقع همام التربوي.pdf
2025-05-29 21:46:11 - Using EXIF CreateDate (2020) for ./documents/1970/مفكرة شهر رمضان  - .pdf
2025-05-29 21:46:11 - Moved: ./documents/1970/مفكرة شهر رمضان  - .pdf -> /media/ayoub/data/private/phone_backups/documents/2020/مفكرة شهر رمضان  - .pdf
2025-05-29 21:46:11 - Using EXIF CreateDate (2015) for ./documents/1970/منهج السالكين وتوضيح الفقه في الدين.pdf
2025-05-29 21:46:12 - Moved: ./documents/1970/منهج السالكين وتوضيح الفقه في الدين.pdf -> /media/ayoub/data/private/phone_backups/documents/2015/منهج السالكين وتوضيح الفقه في الدين.pdf
2025-05-29 21:46:12 - Script completed - Total: 338, Moved: 313, Skipped: 0, Errors: 25
